Archive member included because of file (symbol)

/usr/lib/gcc/avr/4.8.0/avr4/libgcc.a(_divmodhi4.o)
                              ../ds18b20.o (symbol from plugin) (__divmodhi4)
/usr/lib/gcc/avr/4.8.0/avr4/libgcc.a(_exit.o)
                              /usr/lib/gcc/avr/4.8.0/../../../../avr/lib/avr4/crtm88p.o (exit)
/usr/lib/gcc/avr/4.8.0/avr4/libgcc.a(_udivmodhi4.o)
                              /usr/lib/gcc/avr/4.8.0/avr4/libgcc.a(_divmodhi4.o) (__udivmodhi4)
/usr/lib/gcc/avr/4.8.0/../../../../avr/lib/avr4/libc.a(iob.o)
                              ../uart.o (symbol from plugin) (__iob)
/usr/lib/gcc/avr/4.8.0/../../../../avr/lib/avr4/libc.a(printf.o)
                              main.o (symbol from plugin) (printf)
/usr/lib/gcc/avr/4.8.0/../../../../avr/lib/avr4/libc.a(printf_p.o)
                              ../mcp2515.o (symbol from plugin) (printf_P)
/usr/lib/gcc/avr/4.8.0/../../../../avr/lib/avr4/libc.a(puts_p.o)
                              ../uart.o (symbol from plugin) (puts_P)
/usr/lib/gcc/avr/4.8.0/../../../../avr/lib/avr4/libc.a(vfprintf_std.o)
                              /usr/lib/gcc/avr/4.8.0/../../../../avr/lib/avr4/libc.a(printf.o) (vfprintf)
/usr/lib/gcc/avr/4.8.0/../../../../avr/lib/avr4/libc.a(strnlen_P.o)
                              /usr/lib/gcc/avr/4.8.0/../../../../avr/lib/avr4/libc.a(vfprintf_std.o) (strnlen_P)
/usr/lib/gcc/avr/4.8.0/../../../../avr/lib/avr4/libc.a(strnlen.o)
                              /usr/lib/gcc/avr/4.8.0/../../../../avr/lib/avr4/libc.a(vfprintf_std.o) (strnlen)
/usr/lib/gcc/avr/4.8.0/../../../../avr/lib/avr4/libc.a(fputc.o)
                              /usr/lib/gcc/avr/4.8.0/../../../../avr/lib/avr4/libc.a(vfprintf_std.o) (fputc)
/usr/lib/gcc/avr/4.8.0/../../../../avr/lib/avr4/libc.a(ultoa_invert.o)
                              /usr/lib/gcc/avr/4.8.0/../../../../avr/lib/avr4/libc.a(vfprintf_std.o) (__ultoa_invert)
/usr/lib/gcc/avr/4.8.0/avr4/libgcc.a(_prologue.o)
                              /usr/lib/gcc/avr/4.8.0/../../../../avr/lib/avr4/libc.a(printf.o) (__prologue_saves__)
/usr/lib/gcc/avr/4.8.0/avr4/libgcc.a(_epilogue.o)
                              /usr/lib/gcc/avr/4.8.0/../../../../avr/lib/avr4/libc.a(printf.o) (__epilogue_restores__)
/usr/lib/gcc/avr/4.8.0/avr4/libgcc.a(_clear_bss.o)
                              /usr/lib/gcc/avr/4.8.0/../../../../avr/lib/avr4/libc.a(iob.o) (__do_clear_bss)
/usr/lib/gcc/avr/4.8.0/avr4/libgcc.a(_copy_data.o)
                              /tmp/ccdTWKXN.ltrans0.ltrans.o (__do_copy_data)

Allocating common symbols
Common symbol       size              file

now                 0x4               ../time.o (symbol from plugin)
packet              0xe               ../mcp2515.o (symbol from plugin)
sensor_ids          0x50              ../onewire.o (symbol from plugin)
expecting_xfer_type
                    0x1               ../mcp2515.o (symbol from plugin)
periodic_prev       0x4               ../time.o (symbol from plugin)
num_sensors         0x1               main.o (symbol from plugin)
__iob               0x6               /usr/lib/gcc/avr/4.8.0/../../../../avr/lib/avr4/libc.a(iob.o)
irq_signal          0x1               ../mcp2515.o (symbol from plugin)
mcp2515_busy        0x1               ../mcp2515.o (symbol from plugin)
periodic_interval   0x2               ../time.o (symbol from plugin)
stfu                0x1               ../mcp2515.o (symbol from plugin)

Discarded input sections

 .bss           0x0000000000000000        0x0 /usr/lib/gcc/avr/4.8.0/../../../../avr/lib/avr4/crtm88p.o
 .text          0x0000000000000000        0x0 ../spi.o (symbol from plugin)
 .text          0x0000000000000000        0x0 /tmp/ccdTWKXN.ltrans0.ltrans.o
 .bss           0x0000000000000000        0x0 /tmp/ccdTWKXN.ltrans0.ltrans.o
 .text          0x0000000000000000        0x0 /usr/lib/gcc/avr/4.8.0/avr4/libgcc.a(_copy_data.o)
 .bss           0x0000000000000000        0x0 /usr/lib/gcc/avr/4.8.0/avr4/libgcc.a(_copy_data.o)
 .text.libgcc.mul
                0x0000000000000000        0x0 /usr/lib/gcc/avr/4.8.0/avr4/libgcc.a(_copy_data.o)
 .text.libgcc.div
                0x0000000000000000        0x0 /usr/lib/gcc/avr/4.8.0/avr4/libgcc.a(_copy_data.o)
 .text.libgcc   0x0000000000000000        0x0 /usr/lib/gcc/avr/4.8.0/avr4/libgcc.a(_copy_data.o)
 .text.libgcc.prologue
                0x0000000000000000        0x0 /usr/lib/gcc/avr/4.8.0/avr4/libgcc.a(_copy_data.o)
 .text.libgcc.builtins
                0x0000000000000000        0x0 /usr/lib/gcc/avr/4.8.0/avr4/libgcc.a(_copy_data.o)
 .text.libgcc.fmul
                0x0000000000000000        0x0 /usr/lib/gcc/avr/4.8.0/avr4/libgcc.a(_copy_data.o)
 .text.libgcc.fixed
                0x0000000000000000        0x0 /usr/lib/gcc/avr/4.8.0/avr4/libgcc.a(_copy_data.o)
 .text          0x0000000000000000        0x0 ../uart.o (symbol from plugin)
 .text          0x0000000000000000        0x0 ../mcp2515.o (symbol from plugin)
 .text          0x0000000000000000        0x0 ../ds18b20.o (symbol from plugin)
 .text          0x0000000000000000        0x0 ../onewire.o (symbol from plugin)
 .text          0x0000000000000000        0x0 ../crc8.o (symbol from plugin)
 .text          0x0000000000000000        0x0 ../time.o (symbol from plugin)
 .text          0x0000000000000000        0x0 main.o (symbol from plugin)
 .text          0x0000000000000000        0x0 /usr/lib/gcc/avr/4.8.0/avr4/libgcc.a(_divmodhi4.o)
 .bss           0x0000000000000000        0x0 /usr/lib/gcc/avr/4.8.0/avr4/libgcc.a(_divmodhi4.o)
 .text.libgcc.mul
                0x0000000000000000        0x0 /usr/lib/gcc/avr/4.8.0/avr4/libgcc.a(_divmodhi4.o)
 .text.libgcc.div
                0x0000000000000000       0x26 /usr/lib/gcc/avr/4.8.0/avr4/libgcc.a(_divmodhi4.o)
 .text.libgcc   0x0000000000000000        0x0 /usr/lib/gcc/avr/4.8.0/avr4/libgcc.a(_divmodhi4.o)
 .text.libgcc.prologue
                0x0000000000000000        0x0 /usr/lib/gcc/avr/4.8.0/avr4/libgcc.a(_divmodhi4.o)
 .text.libgcc.builtins
                0x0000000000000000        0x0 /usr/lib/gcc/avr/4.8.0/avr4/libgcc.a(_divmodhi4.o)
 .text.libgcc.fmul
                0x0000000000000000        0x0 /usr/lib/gcc/avr/4.8.0/avr4/libgcc.a(_divmodhi4.o)
 .text.libgcc.fixed
                0x0000000000000000        0x0 /usr/lib/gcc/avr/4.8.0/avr4/libgcc.a(_divmodhi4.o)
 .text          0x0000000000000000        0x0 /usr/lib/gcc/avr/4.8.0/avr4/libgcc.a(_exit.o)
 .bss           0x0000000000000000        0x0 /usr/lib/gcc/avr/4.8.0/avr4/libgcc.a(_exit.o)
 .text.libgcc.mul
                0x0000000000000000        0x0 /usr/lib/gcc/avr/4.8.0/avr4/libgcc.a(_exit.o)
 .text.libgcc.div
                0x0000000000000000        0x0 /usr/lib/gcc/avr/4.8.0/avr4/libgcc.a(_exit.o)
 .text.libgcc   0x0000000000000000        0x0 /usr/lib/gcc/avr/4.8.0/avr4/libgcc.a(_exit.o)
 .text.libgcc.prologue
                0x0000000000000000        0x0 /usr/lib/gcc/avr/4.8.0/avr4/libgcc.a(_exit.o)
 .text.libgcc.builtins
                0x0000000000000000        0x0 /usr/lib/gcc/avr/4.8.0/avr4/libgcc.a(_exit.o)
 .text.libgcc.fmul
                0x0000000000000000        0x0 /usr/lib/gcc/avr/4.8.0/avr4/libgcc.a(_exit.o)
 .text.libgcc.fixed
                0x0000000000000000        0x0 /usr/lib/gcc/avr/4.8.0/avr4/libgcc.a(_exit.o)
 .text          0x0000000000000000        0x0 /usr/lib/gcc/avr/4.8.0/avr4/libgcc.a(_udivmodhi4.o)
 .bss           0x0000000000000000        0x0 /usr/lib/gcc/avr/4.8.0/avr4/libgcc.a(_udivmodhi4.o)
 .text.libgcc.mul
                0x0000000000000000        0x0 /usr/lib/gcc/avr/4.8.0/avr4/libgcc.a(_udivmodhi4.o)
 .text.libgcc.div
                0x0000000000000000       0x28 /usr/lib/gcc/avr/4.8.0/avr4/libgcc.a(_udivmodhi4.o)
 .text.libgcc   0x0000000000000000        0x0 /usr/lib/gcc/avr/4.8.0/avr4/libgcc.a(_udivmodhi4.o)
 .text.libgcc.prologue
                0x0000000000000000        0x0 /usr/lib/gcc/avr/4.8.0/avr4/libgcc.a(_udivmodhi4.o)
 .text.libgcc.builtins
                0x0000000000000000        0x0 /usr/lib/gcc/avr/4.8.0/avr4/libgcc.a(_udivmodhi4.o)
 .text.libgcc.fmul
                0x0000000000000000        0x0 /usr/lib/gcc/avr/4.8.0/avr4/libgcc.a(_udivmodhi4.o)
 .text.libgcc.fixed
                0x0000000000000000        0x0 /usr/lib/gcc/avr/4.8.0/avr4/libgcc.a(_udivmodhi4.o)
 .text          0x0000000000000000        0x0 /usr/lib/gcc/avr/4.8.0/../../../../avr/lib/avr4/libc.a(iob.o)
 .bss           0x0000000000000000        0x0 /usr/lib/gcc/avr/4.8.0/../../../../avr/lib/avr4/libc.a(iob.o)
 .text          0x0000000000000000        0x0 /usr/lib/gcc/avr/4.8.0/../../../../avr/lib/avr4/libc.a(printf.o)
 .bss           0x0000000000000000        0x0 /usr/lib/gcc/avr/4.8.0/../../../../avr/lib/avr4/libc.a(printf.o)
 .text          0x0000000000000000        0x0 /usr/lib/gcc/avr/4.8.0/../../../../avr/lib/avr4/libc.a(printf_p.o)
 .bss           0x0000000000000000        0x0 /usr/lib/gcc/avr/4.8.0/../../../../avr/lib/avr4/libc.a(printf_p.o)
 .text          0x0000000000000000        0x0 /usr/lib/gcc/avr/4.8.0/../../../../avr/lib/avr4/libc.a(puts_p.o)
 .bss           0x0000000000000000        0x0 /usr/lib/gcc/avr/4.8.0/../../../../avr/lib/avr4/libc.a(puts_p.o)
 .text          0x0000000000000000        0x0 /usr/lib/gcc/avr/4.8.0/../../../../avr/lib/avr4/libc.a(vfprintf_std.o)
 .bss           0x0000000000000000        0x0 /usr/lib/gcc/avr/4.8.0/../../../../avr/lib/avr4/libc.a(vfprintf_std.o)
 .text          0x0000000000000000        0x0 /usr/lib/gcc/avr/4.8.0/../../../../avr/lib/avr4/libc.a(strnlen_P.o)
 .bss           0x0000000000000000        0x0 /usr/lib/gcc/avr/4.8.0/../../../../avr/lib/avr4/libc.a(strnlen_P.o)
 .text          0x0000000000000000        0x0 /usr/lib/gcc/avr/4.8.0/../../../../avr/lib/avr4/libc.a(strnlen.o)
 .bss           0x0000000000000000        0x0 /usr/lib/gcc/avr/4.8.0/../../../../avr/lib/avr4/libc.a(strnlen.o)
 .text          0x0000000000000000        0x0 /usr/lib/gcc/avr/4.8.0/../../../../avr/lib/avr4/libc.a(fputc.o)
 .bss           0x0000000000000000        0x0 /usr/lib/gcc/avr/4.8.0/../../../../avr/lib/avr4/libc.a(fputc.o)
 .text          0x0000000000000000        0x0 /usr/lib/gcc/avr/4.8.0/../../../../avr/lib/avr4/libc.a(ultoa_invert.o)
 .bss           0x0000000000000000        0x0 /usr/lib/gcc/avr/4.8.0/../../../../avr/lib/avr4/libc.a(ultoa_invert.o)
 .text          0x0000000000000000        0x0 /usr/lib/gcc/avr/4.8.0/avr4/libgcc.a(_prologue.o)
 .bss           0x0000000000000000        0x0 /usr/lib/gcc/avr/4.8.0/avr4/libgcc.a(_prologue.o)
 .text.libgcc.mul
                0x0000000000000000        0x0 /usr/lib/gcc/avr/4.8.0/avr4/libgcc.a(_prologue.o)
 .text.libgcc.div
                0x0000000000000000        0x0 /usr/lib/gcc/avr/4.8.0/avr4/libgcc.a(_prologue.o)
 .text.libgcc   0x0000000000000000        0x0 /usr/lib/gcc/avr/4.8.0/avr4/libgcc.a(_prologue.o)
 .text.libgcc.builtins
                0x0000000000000000        0x0 /usr/lib/gcc/avr/4.8.0/avr4/libgcc.a(_prologue.o)
 .text.libgcc.fmul
                0x0000000000000000        0x0 /usr/lib/gcc/avr/4.8.0/avr4/libgcc.a(_prologue.o)
 .text.libgcc.fixed
                0x0000000000000000        0x0 /usr/lib/gcc/avr/4.8.0/avr4/libgcc.a(_prologue.o)
 .text          0x0000000000000000        0x0 /usr/lib/gcc/avr/4.8.0/avr4/libgcc.a(_epilogue.o)
 .bss           0x0000000000000000        0x0 /usr/lib/gcc/avr/4.8.0/avr4/libgcc.a(_epilogue.o)
 .text.libgcc.mul
                0x0000000000000000        0x0 /usr/lib/gcc/avr/4.8.0/avr4/libgcc.a(_epilogue.o)
 .text.libgcc.div
                0x0000000000000000        0x0 /usr/lib/gcc/avr/4.8.0/avr4/libgcc.a(_epilogue.o)
 .text.libgcc   0x0000000000000000        0x0 /usr/lib/gcc/avr/4.8.0/avr4/libgcc.a(_epilogue.o)
 .text.libgcc.builtins
                0x0000000000000000        0x0 /usr/lib/gcc/avr/4.8.0/avr4/libgcc.a(_epilogue.o)
 .text.libgcc.fmul
                0x0000000000000000        0x0 /usr/lib/gcc/avr/4.8.0/avr4/libgcc.a(_epilogue.o)
 .text.libgcc.fixed
                0x0000000000000000        0x0 /usr/lib/gcc/avr/4.8.0/avr4/libgcc.a(_epilogue.o)
 .text          0x0000000000000000        0x0 /usr/lib/gcc/avr/4.8.0/avr4/libgcc.a(_clear_bss.o)
 .bss           0x0000000000000000        0x0 /usr/lib/gcc/avr/4.8.0/avr4/libgcc.a(_clear_bss.o)
 .text.libgcc.mul
                0x0000000000000000        0x0 /usr/lib/gcc/avr/4.8.0/avr4/libgcc.a(_clear_bss.o)
 .text.libgcc.div
                0x0000000000000000        0x0 /usr/lib/gcc/avr/4.8.0/avr4/libgcc.a(_clear_bss.o)
 .text.libgcc   0x0000000000000000        0x0 /usr/lib/gcc/avr/4.8.0/avr4/libgcc.a(_clear_bss.o)
 .text.libgcc.prologue
                0x0000000000000000        0x0 /usr/lib/gcc/avr/4.8.0/avr4/libgcc.a(_clear_bss.o)
 .text.libgcc.builtins
                0x0000000000000000        0x0 /usr/lib/gcc/avr/4.8.0/avr4/libgcc.a(_clear_bss.o)
 .text.libgcc.fmul
                0x0000000000000000        0x0 /usr/lib/gcc/avr/4.8.0/avr4/libgcc.a(_clear_bss.o)
 .text.libgcc.fixed
                0x0000000000000000        0x0 /usr/lib/gcc/avr/4.8.0/avr4/libgcc.a(_clear_bss.o)

Memory Configuration

Name             Origin             Length             Attributes
text             0x0000000000000000 0x0000000000002000 xr
data             0x0000000000800060 0x000000000000ffa0 rw !x
eeprom           0x0000000000810000 0x0000000000010000 rw !x
fuse             0x0000000000820000 0x0000000000000400 rw !x
lock             0x0000000000830000 0x0000000000000400 rw !x
signature        0x0000000000840000 0x0000000000000400 rw !x
*default*        0x0000000000000000 0xffffffffffffffff

Linker script and memory map

Address of section .data set to 0x800100
LOAD /usr/lib/gcc/avr/4.8.0/../../../../avr/lib/avr4/crtm88p.o
LOAD ../spi.o
LOAD /tmp/ccdTWKXN.ltrans0.ltrans.o
LOAD /usr/lib/gcc/avr/4.8.0/avr4/libgcc.a
LOAD /usr/lib/gcc/avr/4.8.0/../../../../avr/lib/avr4/libm.a
LOAD /usr/lib/gcc/avr/4.8.0/../../../../avr/lib/avr4/libc.a
LOAD ../uart.o
LOAD ../mcp2515.o
LOAD ../ds18b20.o
LOAD ../onewire.o
LOAD ../crc8.o
LOAD ../time.o
LOAD main.o
START GROUP
LOAD /usr/lib/gcc/avr/4.8.0/avr4/libgcc.a
LOAD /usr/lib/gcc/avr/4.8.0/../../../../avr/lib/avr4/libm.a
LOAD /usr/lib/gcc/avr/4.8.0/../../../../avr/lib/avr4/libc.a
END GROUP

.hash
 *(.hash)

.dynsym
 *(.dynsym)

.dynstr
 *(.dynstr)

.gnu.version
 *(.gnu.version)

.gnu.version_d
 *(.gnu.version_d)

.gnu.version_r
 *(.gnu.version_r)

.rel.init
 *(.rel.init)

.rela.init
 *(.rela.init)

.rel.text
 *(.rel.text)
 *(.rel.text.*)
 *(.rel.gnu.linkonce.t*)

.rela.text
 *(.rela.text)
 *(.rela.text.*)
 *(.rela.gnu.linkonce.t*)

.rel.fini
 *(.rel.fini)

.rela.fini
 *(.rela.fini)

.rel.rodata
 *(.rel.rodata)
 *(.rel.rodata.*)
 *(.rel.gnu.linkonce.r*)

.rela.rodata
 *(.rela.rodata)
 *(.rela.rodata.*)
 *(.rela.gnu.linkonce.r*)

.rel.data
 *(.rel.data)
 *(.rel.data.*)
 *(.rel.gnu.linkonce.d*)

.rela.data
 *(.rela.data)
 *(.rela.data.*)
 *(.rela.gnu.linkonce.d*)

.rel.ctors
 *(.rel.ctors)

.rela.ctors
 *(.rela.ctors)

.rel.dtors
 *(.rel.dtors)

.rela.dtors
 *(.rela.dtors)

.rel.got
 *(.rel.got)

.rela.got
 *(.rela.got)

.rel.bss
 *(.rel.bss)

.rela.bss
 *(.rela.bss)

.rel.plt
 *(.rel.plt)

.rela.plt
 *(.rela.plt)

.text           0x0000000000000000     0x139e
 *(.vectors)
 .vectors       0x0000000000000000       0x34 /usr/lib/gcc/avr/4.8.0/../../../../avr/lib/avr4/crtm88p.o
                0x0000000000000000                __vectors
                0x0000000000000000                __vector_default
 *(.vectors)
 *(.progmem.gcc*)
 *(.progmem*)
 .progmem.data.__c.1470.1759.1655
                0x0000000000000034        0xa /tmp/ccdTWKXN.ltrans0.ltrans.o
 .progmem.data.__c.1636.1572.1654
                0x000000000000003e        0xa /tmp/ccdTWKXN.ltrans0.ltrans.o
 .progmem.data.__c.1702.1575.1653
                0x0000000000000048        0xf /tmp/ccdTWKXN.ltrans0.ltrans.o
 .progmem.data.__c.1700.1576.1652
                0x0000000000000057       0x17 /tmp/ccdTWKXN.ltrans0.ltrans.o
 .progmem.data.__c.1694.1577.1651
                0x000000000000006e       0x10 /tmp/ccdTWKXN.ltrans0.ltrans.o
 .progmem.data.__c.1692.1578.1650
                0x000000000000007e        0xb /tmp/ccdTWKXN.ltrans0.ltrans.o
 .progmem.data.__c.1625.1483.1649
                0x0000000000000089        0xd /tmp/ccdTWKXN.ltrans0.ltrans.o
 .progmem.data.__c.1713.1579.1648
                0x0000000000000096       0x12 /tmp/ccdTWKXN.ltrans0.ltrans.o
 .progmem.data.__c.1711.1580.1647
                0x00000000000000a8       0x13 /tmp/ccdTWKXN.ltrans0.ltrans.o
 .progmem.data.__c.1665.1573.1626
                0x00000000000000bb       0x19 /tmp/ccdTWKXN.ltrans0.ltrans.o
 .progmem.data.__c.1927.1801.1625
                0x00000000000000d4        0xd /tmp/ccdTWKXN.ltrans0.ltrans.o
 .progmem.data.__c.1925.1800.1624
                0x00000000000000e1       0x18 /tmp/ccdTWKXN.ltrans0.ltrans.o
 .progmem.data.__c.1923.1802.1622
                0x00000000000000f9        0xf /tmp/ccdTWKXN.ltrans0.ltrans.o
 .progmem.data.__c.1921.1803.1621
                0x0000000000000108       0x12 /tmp/ccdTWKXN.ltrans0.ltrans.o
 .progmem.data.__c.1676.1574.1620
                0x000000000000011a        0xc /tmp/ccdTWKXN.ltrans0.ltrans.o
 .progmem.data.__c.1964.1804.1606
                0x0000000000000126        0x4 /tmp/ccdTWKXN.ltrans0.ltrans.o
 .progmem.data.__c.1959.1805.1605
                0x000000000000012a        0xa /tmp/ccdTWKXN.ltrans0.ltrans.o
 .progmem.data.__c.1957.1806.1604
                0x0000000000000134       0x39 /tmp/ccdTWKXN.ltrans0.ltrans.o
                0x000000000000016e                . = ALIGN (0x2)
 *fill*         0x000000000000016d        0x1 
                0x000000000000016e                __trampolines_start = .
 *(.trampolines)
 .trampolines   0x000000000000016e        0x0 linker stubs
 *(.trampolines*)
                0x000000000000016e                __trampolines_end = .
 *(.jumptables)
 *(.jumptables*)
 *(.lowtext)
 *(.lowtext*)
                0x000000000000016e                __ctors_start = .
 *(.ctors)
                0x000000000000016e                __ctors_end = .
                0x000000000000016e                __dtors_start = .
 *(.dtors)
                0x000000000000016e                __dtors_end = .
 SORT(*)(.ctors)
 SORT(*)(.dtors)
 *(.init0)
 .init0         0x000000000000016e        0x0 /usr/lib/gcc/avr/4.8.0/../../../../avr/lib/avr4/crtm88p.o
                0x000000000000016e                __init
 *(.init0)
 *(.init1)
 *(.init1)
 *(.init2)
 .init2         0x000000000000016e        0xc /usr/lib/gcc/avr/4.8.0/../../../../avr/lib/avr4/crtm88p.o
 *(.init2)
 *(.init3)
 *(.init3)
 *(.init4)
 .init4         0x000000000000017a       0x16 /usr/lib/gcc/avr/4.8.0/avr4/libgcc.a(_copy_data.o)
                0x000000000000017a                __do_copy_data
 .init4         0x0000000000000190       0x10 /usr/lib/gcc/avr/4.8.0/avr4/libgcc.a(_clear_bss.o)
                0x0000000000000190                __do_clear_bss
 *(.init4)
 *(.init5)
 *(.init5)
 *(.init6)
 *(.init6)
 *(.init7)
 *(.init7)
 *(.init8)
 *(.init8)
 *(.init9)
 .init9         0x00000000000001a0        0x4 /usr/lib/gcc/avr/4.8.0/../../../../avr/lib/avr4/crtm88p.o
 *(.init9)
 *(.text)
 .text          0x00000000000001a4        0x2 /usr/lib/gcc/avr/4.8.0/../../../../avr/lib/avr4/crtm88p.o
                0x00000000000001a4                __vector_22
                0x00000000000001a4                __vector_1
                0x00000000000001a4                __vector_24
                0x00000000000001a4                __vector_12
                0x00000000000001a4                __bad_interrupt
                0x00000000000001a4                __vector_6
                0x00000000000001a4                __vector_23
                0x00000000000001a4                __vector_25
                0x00000000000001a4                __vector_11
                0x00000000000001a4                __vector_13
                0x00000000000001a4                __vector_17
                0x00000000000001a4                __vector_19
                0x00000000000001a4                __vector_7
                0x00000000000001a4                __vector_5
                0x00000000000001a4                __vector_4
                0x00000000000001a4                __vector_9
                0x00000000000001a4                __vector_2
                0x00000000000001a4                __vector_21
                0x00000000000001a4                __vector_15
                0x00000000000001a4                __vector_8
                0x00000000000001a4                __vector_10
                0x00000000000001a4                __vector_16
                0x00000000000001a4                __vector_20
                0x00000000000001a6                . = ALIGN (0x2)
 *(.text.*)
 .text.ow_reset.1569
                0x00000000000001a6       0x30 /tmp/ccdTWKXN.ltrans0.ltrans.o
 .text.ow_bit_io_intern.1676.1571
                0x00000000000001d6       0x34 /tmp/ccdTWKXN.ltrans0.ltrans.o
 .text.ow_byte_wr.1537
                0x000000000000020a       0x22 /tmp/ccdTWKXN.ltrans0.ltrans.o
 .text.ow_byte_wr_with_parasite_enable.1566
                0x000000000000022c       0x2a /tmp/ccdTWKXN.ltrans0.ltrans.o
 .text.uart_putchar.1591
                0x0000000000000256       0x18 /tmp/ccdTWKXN.ltrans0.ltrans.o
 .text.uart_getchar.1589
                0x000000000000026e       0x46 /tmp/ccdTWKXN.ltrans0.ltrans.o
 .text.spi_write.1596
                0x00000000000002b4        0xc /tmp/ccdTWKXN.ltrans0.ltrans.o
 .text.modify_register.1577
                0x00000000000002c0       0x2e /tmp/ccdTWKXN.ltrans0.ltrans.o
 .text.mcp2515_send.part.1.1525.constprop.8.1546
                0x00000000000002ee       0x6c /tmp/ccdTWKXN.ltrans0.ltrans.o
 .text.write_register.1582
                0x000000000000035a       0x26 /tmp/ccdTWKXN.ltrans0.ltrans.o
 .text.spi_recv.1594
                0x0000000000000380        0x4 /tmp/ccdTWKXN.ltrans0.ltrans.o
 .text.read_register.1586
                0x0000000000000384       0x16 /tmp/ccdTWKXN.ltrans0.ltrans.o
 .text.periodic_tophalf.1564
                0x000000000000039a       0x1a /tmp/ccdTWKXN.ltrans0.ltrans.o
 .text.read_packet.1555
                0x00000000000003b4      0x286 /tmp/ccdTWKXN.ltrans0.ltrans.o
 .text.startup.main
                0x000000000000063a      0x512 /tmp/ccdTWKXN.ltrans0.ltrans.o
                0x000000000000063a                main
 .text.__vector_14
                0x0000000000000b4c       0xda /tmp/ccdTWKXN.ltrans0.ltrans.o
                0x0000000000000b4c                __vector_14
 .text.__vector_3
                0x0000000000000c26       0xda /tmp/ccdTWKXN.ltrans0.ltrans.o
                0x0000000000000c26                __vector_3
 .text.__vector_18
                0x0000000000000d00       0x9c /tmp/ccdTWKXN.ltrans0.ltrans.o
                0x0000000000000d00                __vector_18
 .text.avr-libc
                0x0000000000000d9c       0x22 /usr/lib/gcc/avr/4.8.0/../../../../avr/lib/avr4/libc.a(printf.o)
                0x0000000000000d9c                printf
 .text.avr-libc
                0x0000000000000dbe       0x3e /usr/lib/gcc/avr/4.8.0/../../../../avr/lib/avr4/libc.a(printf_p.o)
                0x0000000000000dbe                printf_P
 .text.avr-libc
                0x0000000000000dfc       0x5e /usr/lib/gcc/avr/4.8.0/../../../../avr/lib/avr4/libc.a(puts_p.o)
                0x0000000000000dfc                puts_P
 .text.avr-libc
                0x0000000000000e5a      0x386 /usr/lib/gcc/avr/4.8.0/../../../../avr/lib/avr4/libc.a(vfprintf_std.o)
                0x0000000000000e5a                vfprintf
 .text.avr-libc
                0x00000000000011e0       0x16 /usr/lib/gcc/avr/4.8.0/../../../../avr/lib/avr4/libc.a(strnlen_P.o)
                0x00000000000011e0                strnlen_P
 .text.avr-libc
                0x00000000000011f6       0x16 /usr/lib/gcc/avr/4.8.0/../../../../avr/lib/avr4/libc.a(strnlen.o)
                0x00000000000011f6                strnlen
 .text.avr-libc
                0x000000000000120c       0x64 /usr/lib/gcc/avr/4.8.0/../../../../avr/lib/avr4/libc.a(fputc.o)
                0x000000000000120c                fputc
 .text.avr-libc
                0x0000000000001270       0xbc /usr/lib/gcc/avr/4.8.0/../../../../avr/lib/avr4/libc.a(ultoa_invert.o)
                0x0000000000001270                __ultoa_invert
 .text.libgcc.prologue
                0x000000000000132c       0x38 /usr/lib/gcc/avr/4.8.0/avr4/libgcc.a(_prologue.o)
                0x000000000000132c                __prologue_saves__
 .text.libgcc.prologue
                0x0000000000001364       0x36 /usr/lib/gcc/avr/4.8.0/avr4/libgcc.a(_epilogue.o)
                0x0000000000001364                __epilogue_restores__
                0x000000000000139a                . = ALIGN (0x2)
 *(.fini9)
 .fini9         0x000000000000139a        0x0 /usr/lib/gcc/avr/4.8.0/avr4/libgcc.a(_exit.o)
                0x000000000000139a                exit
                0x000000000000139a                _exit
 *(.fini9)
 *(.fini8)
 *(.fini8)
 *(.fini7)
 *(.fini7)
 *(.fini6)
 *(.fini6)
 *(.fini5)
 *(.fini5)
 *(.fini4)
 *(.fini4)
 *(.fini3)
 *(.fini3)
 *(.fini2)
 *(.fini2)
 *(.fini1)
 *(.fini1)
 *(.fini0)
 .fini0         0x000000000000139a        0x4 /usr/lib/gcc/avr/4.8.0/avr4/libgcc.a(_exit.o)
 *(.fini0)
                0x000000000000139e                _etext = .

.data           0x0000000000800100       0x1a load address 0x000000000000139e
                0x0000000000800100                PROVIDE (__data_start, .)
 *(.data)
 .data          0x0000000000800100        0x0 /usr/lib/gcc/avr/4.8.0/../../../../avr/lib/avr4/crtm88p.o
 .data          0x0000000000800100        0x0 /tmp/ccdTWKXN.ltrans0.ltrans.o
 .data          0x0000000000800100        0x0 /usr/lib/gcc/avr/4.8.0/avr4/libgcc.a(_copy_data.o)
 .data          0x0000000000800100        0x0 /usr/lib/gcc/avr/4.8.0/avr4/libgcc.a(_divmodhi4.o)
 .data          0x0000000000800100        0x0 /usr/lib/gcc/avr/4.8.0/avr4/libgcc.a(_exit.o)
 .data          0x0000000000800100        0x0 /usr/lib/gcc/avr/4.8.0/avr4/libgcc.a(_udivmodhi4.o)
 .data          0x0000000000800100        0x0 /usr/lib/gcc/avr/4.8.0/../../../../avr/lib/avr4/libc.a(iob.o)
 .data          0x0000000000800100        0x0 /usr/lib/gcc/avr/4.8.0/../../../../avr/lib/avr4/libc.a(printf.o)
 .data          0x0000000000800100        0x0 /usr/lib/gcc/avr/4.8.0/../../../../avr/lib/avr4/libc.a(printf_p.o)
 .data          0x0000000000800100        0x0 /usr/lib/gcc/avr/4.8.0/../../../../avr/lib/avr4/libc.a(puts_p.o)
 .data          0x0000000000800100        0x0 /usr/lib/gcc/avr/4.8.0/../../../../avr/lib/avr4/libc.a(vfprintf_std.o)
 .data          0x0000000000800100        0x0 /usr/lib/gcc/avr/4.8.0/../../../../avr/lib/avr4/libc.a(strnlen_P.o)
 .data          0x0000000000800100        0x0 /usr/lib/gcc/avr/4.8.0/../../../../avr/lib/avr4/libc.a(strnlen.o)
 .data          0x0000000000800100        0x0 /usr/lib/gcc/avr/4.8.0/../../../../avr/lib/avr4/libc.a(fputc.o)
 .data          0x0000000000800100        0x0 /usr/lib/gcc/avr/4.8.0/../../../../avr/lib/avr4/libc.a(ultoa_invert.o)
 .data          0x0000000000800100        0x0 /usr/lib/gcc/avr/4.8.0/avr4/libgcc.a(_prologue.o)
 .data          0x0000000000800100        0x0 /usr/lib/gcc/avr/4.8.0/avr4/libgcc.a(_epilogue.o)
 .data          0x0000000000800100        0x0 /usr/lib/gcc/avr/4.8.0/avr4/libgcc.a(_clear_bss.o)
 *(.data*)
 .data.mystdout.1489.1646
                0x0000000000800100        0xe /tmp/ccdTWKXN.ltrans0.ltrans.o
 *(.rodata)
 *(.rodata*)
 .rodata.str1.1
                0x000000000080010e        0xb /tmp/ccdTWKXN.ltrans0.ltrans.o
 *(.gnu.linkonce.d*)
                0x000000000080011a                . = ALIGN (0x2)
 *fill*         0x0000000000800119        0x1 
                0x000000000080011a                _edata = .
                0x000000000080011a                PROVIDE (__data_end, .)

.bss            0x000000000080011a       0xb9
                0x000000000080011a                PROVIDE (__bss_start, .)
 *(.bss)
 *(.bss*)
 .bss.overflows.1477.1762.1602
                0x000000000080011a        0x1 /tmp/ccdTWKXN.ltrans0.ltrans.o
 .bss.now.1635  0x000000000080011b        0x4 /tmp/ccdTWKXN.ltrans0.ltrans.o
 .bss.periodic_prev.1634
                0x000000000080011f        0x4 /tmp/ccdTWKXN.ltrans0.ltrans.o
 .bss.periodic_interval.1632
                0x0000000000800123        0x2 /tmp/ccdTWKXN.ltrans0.ltrans.o
 .bss.received_cancel.1595.1631
                0x0000000000800125        0x1 /tmp/ccdTWKXN.ltrans0.ltrans.o
 .bss.received_cts.1594.1630
                0x0000000000800126        0x1 /tmp/ccdTWKXN.ltrans0.ltrans.o
 .bss.received_xfer.1593.1629
                0x0000000000800127        0x1 /tmp/ccdTWKXN.ltrans0.ltrans.o
 .bss.expecting_xfer_type.1628
                0x0000000000800128        0x1 /tmp/ccdTWKXN.ltrans0.ltrans.o
 .bss.stfu.1627
                0x0000000000800129        0x1 /tmp/ccdTWKXN.ltrans0.ltrans.o
 .bss.sensor_ids.1623
                0x000000000080012a       0x50 /tmp/ccdTWKXN.ltrans0.ltrans.o
 .bss.num_sensors.1603
                0x000000000080017a        0x1 /tmp/ccdTWKXN.ltrans0.ltrans.o
 .bss.mcp2515_busy.1619
                0x000000000080017b        0x1 /tmp/ccdTWKXN.ltrans0.ltrans.o
 .bss.ring_out.1485.1618
                0x000000000080017c        0x1 /tmp/ccdTWKXN.ltrans0.ltrans.o
 .bss.uart_ring.1486.1617
                0x000000000080017d       0x40 /tmp/ccdTWKXN.ltrans0.ltrans.o
 .bss.ring_in.1484.1616
                0x00000000008001bd        0x1 /tmp/ccdTWKXN.ltrans0.ltrans.o
 .bss.packet.1608
                0x00000000008001be        0xe /tmp/ccdTWKXN.ltrans0.ltrans.o
 .bss.irq_signal.1607
                0x00000000008001cc        0x1 /tmp/ccdTWKXN.ltrans0.ltrans.o
 *(COMMON)
 COMMON         0x00000000008001cd        0x6 /usr/lib/gcc/avr/4.8.0/../../../../avr/lib/avr4/libc.a(iob.o)
                0x00000000008001cd                __iob
                0x00000000008001d3                PROVIDE (__bss_end, .)
                0x000000000000139e                __data_load_start = LOADADDR (.data)
                0x00000000000013b8                __data_load_end = (__data_load_start + SIZEOF (.data))

.noinit         0x00000000008001d3        0x0
                0x00000000008001d3                PROVIDE (__noinit_start, .)
 *(.noinit*)
                0x00000000008001d3                PROVIDE (__noinit_end, .)
                0x00000000008001d3                _end = .
                0x00000000008001d3                PROVIDE (__heap_start, .)

.eeprom         0x0000000000810000        0x0
 *(.eeprom*)
                0x0000000000810000                __eeprom_end = .

.fuse
 *(.fuse)
 *(.lfuse)
 *(.hfuse)
 *(.efuse)

.lock
 *(.lock*)

.signature
 *(.signature*)

.stab           0x0000000000000000     0x4dac
 *(.stab)
 .stab          0x0000000000000000      0x6cc /usr/lib/gcc/avr/4.8.0/../../../../avr/lib/avr4/crtm88p.o
 .stab          0x00000000000006cc     0x2424 /tmp/ccdTWKXN.ltrans0.ltrans.o
                                       0x2430 (size before relaxing)
 .stab          0x0000000000002af0      0x480 /usr/lib/gcc/avr/4.8.0/../../../../avr/lib/avr4/libc.a(iob.o)
                                        0x48c (size before relaxing)
 .stab          0x0000000000002f70      0x30c /usr/lib/gcc/avr/4.8.0/../../../../avr/lib/avr4/libc.a(printf.o)
                                        0x4ec (size before relaxing)
 .stab          0x000000000000327c      0x324 /usr/lib/gcc/avr/4.8.0/../../../../avr/lib/avr4/libc.a(printf_p.o)
                                        0x504 (size before relaxing)
 .stab          0x00000000000035a0      0x360 /usr/lib/gcc/avr/4.8.0/../../../../avr/lib/avr4/libc.a(puts_p.o)
                                        0x540 (size before relaxing)
 .stab          0x0000000000003900      0xba0 /usr/lib/gcc/avr/4.8.0/../../../../avr/lib/avr4/libc.a(vfprintf_std.o)
                                        0xd80 (size before relaxing)
 .stab          0x00000000000044a0       0x9c /usr/lib/gcc/avr/4.8.0/../../../../avr/lib/avr4/libc.a(strnlen_P.o)
                                         0xa8 (size before relaxing)
 .stab          0x000000000000453c       0x9c /usr/lib/gcc/avr/4.8.0/../../../../avr/lib/avr4/libc.a(strnlen.o)
                                         0xa8 (size before relaxing)
 .stab          0x00000000000045d8      0x354 /usr/lib/gcc/avr/4.8.0/../../../../avr/lib/avr4/libc.a(fputc.o)
                                        0x534 (size before relaxing)
 .stab          0x000000000000492c      0x480 /usr/lib/gcc/avr/4.8.0/../../../../avr/lib/avr4/libc.a(ultoa_invert.o)
                                        0x48c (size before relaxing)

.stabstr        0x0000000000000000     0x1b48
 *(.stabstr)
 .stabstr       0x0000000000000000     0x1b48 /usr/lib/gcc/avr/4.8.0/../../../../avr/lib/avr4/crtm88p.o

.stab.excl
 *(.stab.excl)

.stab.exclstr
 *(.stab.exclstr)

.stab.index
 *(.stab.index)

.stab.indexstr
 *(.stab.indexstr)

.comment        0x0000000000000000       0x11
 *(.comment)
 .comment       0x0000000000000000       0x12 /tmp/ccdTWKXN.ltrans0.ltrans.o
 .comment       0x0000000000000000       0x11 /usr/lib/gcc/avr/4.8.0/../../../../avr/lib/avr4/libc.a(iob.o)
                                         0x12 (size before relaxing)
 .comment       0x0000000000000000       0x12 /usr/lib/gcc/avr/4.8.0/../../../../avr/lib/avr4/libc.a(printf.o)
 .comment       0x0000000000000000       0x12 /usr/lib/gcc/avr/4.8.0/../../../../avr/lib/avr4/libc.a(printf_p.o)
 .comment       0x0000000000000000       0x12 /usr/lib/gcc/avr/4.8.0/../../../../avr/lib/avr4/libc.a(puts_p.o)
 .comment       0x0000000000000000       0x12 /usr/lib/gcc/avr/4.8.0/../../../../avr/lib/avr4/libc.a(vfprintf_std.o)
 .comment       0x0000000000000000       0x12 /usr/lib/gcc/avr/4.8.0/../../../../avr/lib/avr4/libc.a(fputc.o)

.debug
 *(.debug)

.line
 *(.line)

.debug_srcinfo
 *(.debug_srcinfo)

.debug_sfnames
 *(.debug_sfnames)

.debug_aranges
 *(.debug_aranges)

.debug_pubnames
 *(.debug_pubnames)

.debug_info
 *(.debug_info)
 *(.gnu.linkonce.wi.*)

.debug_abbrev
 *(.debug_abbrev)

.debug_line
 *(.debug_line)

.debug_frame
 *(.debug_frame)

.debug_str
 *(.debug_str)

.debug_loc
 *(.debug_loc)

.debug_macinfo
 *(.debug_macinfo)

.debug_pubtypes
 *(.debug_pubtypes)

.debug_ranges
 *(.debug_ranges)

.debug_macro
 *(.debug_macro)
OUTPUT(main.elf elf32-avr)
LOAD linker stubs

Cross Reference Table

Symbol                                            File
__bad_interrupt                                   /usr/lib/gcc/avr/4.8.0/../../../../avr/lib/avr4/crtm88p.o
__bss_end                                         /usr/lib/gcc/avr/4.8.0/avr4/libgcc.a(_clear_bss.o)
__bss_start                                       /usr/lib/gcc/avr/4.8.0/avr4/libgcc.a(_clear_bss.o)
__data_end                                        /usr/lib/gcc/avr/4.8.0/avr4/libgcc.a(_copy_data.o)
__data_load_start                                 /usr/lib/gcc/avr/4.8.0/avr4/libgcc.a(_copy_data.o)
__data_start                                      /usr/lib/gcc/avr/4.8.0/avr4/libgcc.a(_copy_data.o)
__divmodhi4                                       /usr/lib/gcc/avr/4.8.0/avr4/libgcc.a(_divmodhi4.o)
__do_clear_bss                                    /usr/lib/gcc/avr/4.8.0/avr4/libgcc.a(_clear_bss.o)
                                                  /tmp/ccdTWKXN.ltrans0.ltrans.o
                                                  /usr/lib/gcc/avr/4.8.0/../../../../avr/lib/avr4/libc.a(iob.o)
__do_copy_data                                    /usr/lib/gcc/avr/4.8.0/avr4/libgcc.a(_copy_data.o)
                                                  /tmp/ccdTWKXN.ltrans0.ltrans.o
__epilogue_restores__                             /usr/lib/gcc/avr/4.8.0/avr4/libgcc.a(_epilogue.o)
                                                  /tmp/ccdTWKXN.ltrans0.ltrans.o
                                                  /usr/lib/gcc/avr/4.8.0/../../../../avr/lib/avr4/libc.a(vfprintf_std.o)
                                                  /usr/lib/gcc/avr/4.8.0/../../../../avr/lib/avr4/libc.a(printf_p.o)
                                                  /usr/lib/gcc/avr/4.8.0/../../../../avr/lib/avr4/libc.a(printf.o)
__heap_end                                        /usr/lib/gcc/avr/4.8.0/../../../../avr/lib/avr4/crtm88p.o
__init                                            /usr/lib/gcc/avr/4.8.0/../../../../avr/lib/avr4/crtm88p.o
__iob                                             /tmp/ccdTWKXN.ltrans0.ltrans.o
                                                  /usr/lib/gcc/avr/4.8.0/../../../../avr/lib/avr4/libc.a(puts_p.o)
                                                  /usr/lib/gcc/avr/4.8.0/../../../../avr/lib/avr4/libc.a(printf_p.o)
                                                  /usr/lib/gcc/avr/4.8.0/../../../../avr/lib/avr4/libc.a(printf.o)
                                                  /usr/lib/gcc/avr/4.8.0/../../../../avr/lib/avr4/libc.a(iob.o)
__prologue_saves__                                /usr/lib/gcc/avr/4.8.0/avr4/libgcc.a(_prologue.o)
                                                  /tmp/ccdTWKXN.ltrans0.ltrans.o
                                                  /usr/lib/gcc/avr/4.8.0/../../../../avr/lib/avr4/libc.a(vfprintf_std.o)
                                                  /usr/lib/gcc/avr/4.8.0/../../../../avr/lib/avr4/libc.a(printf_p.o)
                                                  /usr/lib/gcc/avr/4.8.0/../../../../avr/lib/avr4/libc.a(printf.o)
__stack                                           /usr/lib/gcc/avr/4.8.0/../../../../avr/lib/avr4/crtm88p.o
__udivmodhi4                                      /usr/lib/gcc/avr/4.8.0/avr4/libgcc.a(_udivmodhi4.o)
                                                  /usr/lib/gcc/avr/4.8.0/avr4/libgcc.a(_divmodhi4.o)
__ultoa_invert                                    /usr/lib/gcc/avr/4.8.0/../../../../avr/lib/avr4/libc.a(ultoa_invert.o)
                                                  /usr/lib/gcc/avr/4.8.0/../../../../avr/lib/avr4/libc.a(vfprintf_std.o)
__vector_1                                        /usr/lib/gcc/avr/4.8.0/../../../../avr/lib/avr4/crtm88p.o
__vector_10                                       /usr/lib/gcc/avr/4.8.0/../../../../avr/lib/avr4/crtm88p.o
__vector_11                                       /usr/lib/gcc/avr/4.8.0/../../../../avr/lib/avr4/crtm88p.o
__vector_12                                       /usr/lib/gcc/avr/4.8.0/../../../../avr/lib/avr4/crtm88p.o
__vector_13                                       /usr/lib/gcc/avr/4.8.0/../../../../avr/lib/avr4/crtm88p.o
__vector_14                                       /tmp/ccdTWKXN.ltrans0.ltrans.o
                                                  /usr/lib/gcc/avr/4.8.0/../../../../avr/lib/avr4/crtm88p.o
__vector_15                                       /usr/lib/gcc/avr/4.8.0/../../../../avr/lib/avr4/crtm88p.o
__vector_16                                       /usr/lib/gcc/avr/4.8.0/../../../../avr/lib/avr4/crtm88p.o
__vector_17                                       /usr/lib/gcc/avr/4.8.0/../../../../avr/lib/avr4/crtm88p.o
__vector_18                                       /tmp/ccdTWKXN.ltrans0.ltrans.o
                                                  /usr/lib/gcc/avr/4.8.0/../../../../avr/lib/avr4/crtm88p.o
__vector_19                                       /usr/lib/gcc/avr/4.8.0/../../../../avr/lib/avr4/crtm88p.o
__vector_2                                        /usr/lib/gcc/avr/4.8.0/../../../../avr/lib/avr4/crtm88p.o
__vector_20                                       /usr/lib/gcc/avr/4.8.0/../../../../avr/lib/avr4/crtm88p.o
__vector_21                                       /usr/lib/gcc/avr/4.8.0/../../../../avr/lib/avr4/crtm88p.o
__vector_22                                       /usr/lib/gcc/avr/4.8.0/../../../../avr/lib/avr4/crtm88p.o
__vector_23                                       /usr/lib/gcc/avr/4.8.0/../../../../avr/lib/avr4/crtm88p.o
__vector_24                                       /usr/lib/gcc/avr/4.8.0/../../../../avr/lib/avr4/crtm88p.o
__vector_25                                       /usr/lib/gcc/avr/4.8.0/../../../../avr/lib/avr4/crtm88p.o
__vector_3                                        /tmp/ccdTWKXN.ltrans0.ltrans.o
                                                  /usr/lib/gcc/avr/4.8.0/../../../../avr/lib/avr4/crtm88p.o
__vector_4                                        /usr/lib/gcc/avr/4.8.0/../../../../avr/lib/avr4/crtm88p.o
__vector_5                                        /usr/lib/gcc/avr/4.8.0/../../../../avr/lib/avr4/crtm88p.o
__vector_6                                        /usr/lib/gcc/avr/4.8.0/../../../../avr/lib/avr4/crtm88p.o
__vector_7                                        /usr/lib/gcc/avr/4.8.0/../../../../avr/lib/avr4/crtm88p.o
__vector_8                                        /usr/lib/gcc/avr/4.8.0/../../../../avr/lib/avr4/crtm88p.o
__vector_9                                        /usr/lib/gcc/avr/4.8.0/../../../../avr/lib/avr4/crtm88p.o
__vector_default                                  /usr/lib/gcc/avr/4.8.0/../../../../avr/lib/avr4/crtm88p.o
__vectors                                         /usr/lib/gcc/avr/4.8.0/../../../../avr/lib/avr4/crtm88p.o
_div                                              /usr/lib/gcc/avr/4.8.0/avr4/libgcc.a(_divmodhi4.o)
_exit                                             /usr/lib/gcc/avr/4.8.0/avr4/libgcc.a(_exit.o)
exit                                              /usr/lib/gcc/avr/4.8.0/avr4/libgcc.a(_exit.o)
                                                  /usr/lib/gcc/avr/4.8.0/../../../../avr/lib/avr4/crtm88p.o
fputc                                             /usr/lib/gcc/avr/4.8.0/../../../../avr/lib/avr4/libc.a(fputc.o)
                                                  /usr/lib/gcc/avr/4.8.0/../../../../avr/lib/avr4/libc.a(vfprintf_std.o)
main                                              /tmp/ccdTWKXN.ltrans0.ltrans.o
                                                  /usr/lib/gcc/avr/4.8.0/../../../../avr/lib/avr4/crtm88p.o
printf                                            /usr/lib/gcc/avr/4.8.0/../../../../avr/lib/avr4/libc.a(printf.o)
                                                  /tmp/ccdTWKXN.ltrans0.ltrans.o
printf_P                                          /usr/lib/gcc/avr/4.8.0/../../../../avr/lib/avr4/libc.a(printf_p.o)
                                                  /tmp/ccdTWKXN.ltrans0.ltrans.o
puts_P                                            /usr/lib/gcc/avr/4.8.0/../../../../avr/lib/avr4/libc.a(puts_p.o)
                                                  /tmp/ccdTWKXN.ltrans0.ltrans.o
strnlen                                           /usr/lib/gcc/avr/4.8.0/../../../../avr/lib/avr4/libc.a(strnlen.o)
                                                  /usr/lib/gcc/avr/4.8.0/../../../../avr/lib/avr4/libc.a(vfprintf_std.o)
strnlen_P                                         /usr/lib/gcc/avr/4.8.0/../../../../avr/lib/avr4/libc.a(strnlen_P.o)
                                                  /usr/lib/gcc/avr/4.8.0/../../../../avr/lib/avr4/libc.a(vfprintf_std.o)
vfprintf                                          /usr/lib/gcc/avr/4.8.0/../../../../avr/lib/avr4/libc.a(vfprintf_std.o)
                                                  /usr/lib/gcc/avr/4.8.0/../../../../avr/lib/avr4/libc.a(printf_p.o)
                                                  /usr/lib/gcc/avr/4.8.0/../../../../avr/lib/avr4/libc.a(printf.o)
