Archive member included because of file (symbol)

/usr/lib/gcc/avr/4.7.1/avr5/libgcc.a(_umulhisi3.o)
                              main.o (__umulhisi3)
/usr/lib/gcc/avr/4.7.1/avr5/libgcc.a(_muluhisi3.o)
                              main.o (__muluhisi3)
/usr/lib/gcc/avr/4.7.1/avr5/libgcc.a(_udivmodhi4.o)
                              uart.o (__udivmodhi4)
/usr/lib/gcc/avr/4.7.1/avr5/libgcc.a(_prologue.o)
                              uart.o (__prologue_saves__)
/usr/lib/gcc/avr/4.7.1/avr5/libgcc.a(_epilogue.o)
                              uart.o (__epilogue_restores__)
/usr/lib/gcc/avr/4.7.1/avr5/libgcc.a(_exit.o)
                              /usr/lib/gcc/avr/4.7.1/../../../../avr/lib/avr5/crtm32.o (exit)
/usr/lib/gcc/avr/4.7.1/avr5/libgcc.a(_copy_data.o)
                              uart.o (__do_copy_data)
/usr/lib/gcc/avr/4.7.1/avr5/libgcc.a(_clear_bss.o)
                              uart.o (__do_clear_bss)
/usr/lib/gcc/avr/4.7.1/../../../../avr/lib/avr5/libc.a(fgetc.o)
                              main.o (fgetc)
/usr/lib/gcc/avr/4.7.1/../../../../avr/lib/avr5/libc.a(fputc.o)
                              uart.o (fputc)
/usr/lib/gcc/avr/4.7.1/../../../../avr/lib/avr5/libc.a(iob.o)
                              uart.o (__iob)
/usr/lib/gcc/avr/4.7.1/../../../../avr/lib/avr5/libc.a(printf.o)
                              main.o (printf)
/usr/lib/gcc/avr/4.7.1/../../../../avr/lib/avr5/libc.a(vfprintf_std.o)
                              /usr/lib/gcc/avr/4.7.1/../../../../avr/lib/avr5/libc.a(printf.o) (vfprintf)
/usr/lib/gcc/avr/4.7.1/../../../../avr/lib/avr5/libc.a(strnlen_P.o)
                              /usr/lib/gcc/avr/4.7.1/../../../../avr/lib/avr5/libc.a(vfprintf_std.o) (strnlen_P)
/usr/lib/gcc/avr/4.7.1/../../../../avr/lib/avr5/libc.a(strnlen.o)
                              /usr/lib/gcc/avr/4.7.1/../../../../avr/lib/avr5/libc.a(vfprintf_std.o) (strnlen)
/usr/lib/gcc/avr/4.7.1/../../../../avr/lib/avr5/libc.a(ultoa_invert.o)
                              /usr/lib/gcc/avr/4.7.1/../../../../avr/lib/avr5/libc.a(vfprintf_std.o) (__ultoa_invert)

Allocating common symbols
Common symbol       size              file

ring_in             0x1               uart.o
ring_out            0x1               uart.o
highbyte            0x1               main.o
uart_ring           0x10              uart.o
pulse_len           0x2               main.o
__iob               0x6               /usr/lib/gcc/avr/4.7.1/../../../../avr/lib/avr5/libc.a(iob.o)

Discarded input sections

 .data          0x0000000000000000        0x0 /usr/lib/gcc/avr/4.7.1/../../../../avr/lib/avr5/crtm32.o
 .bss           0x0000000000000000        0x0 /usr/lib/gcc/avr/4.7.1/../../../../avr/lib/avr5/crtm32.o
 .text          0x0000000000000000        0x0 uart.o
 .data          0x0000000000000000        0x0 uart.o
 .bss           0x0000000000000000        0x0 uart.o
 .text.bytes_in_ring
                0x0000000000000000       0x36 uart.o
 .text.print    0x0000000000000000       0x72 uart.o
 .text          0x0000000000000000        0x0 main.o
 .data          0x0000000000000000        0x0 main.o
 .bss           0x0000000000000000        0x0 main.o
 .text          0x0000000000000000        0x0 /usr/lib/gcc/avr/4.7.1/avr5/libgcc.a(_umulhisi3.o)
 .data          0x0000000000000000        0x0 /usr/lib/gcc/avr/4.7.1/avr5/libgcc.a(_umulhisi3.o)
 .bss           0x0000000000000000        0x0 /usr/lib/gcc/avr/4.7.1/avr5/libgcc.a(_umulhisi3.o)
 .text.libgcc.div
                0x0000000000000000        0x0 /usr/lib/gcc/avr/4.7.1/avr5/libgcc.a(_umulhisi3.o)
 .text.libgcc   0x0000000000000000        0x0 /usr/lib/gcc/avr/4.7.1/avr5/libgcc.a(_umulhisi3.o)
 .text.libgcc.prologue
                0x0000000000000000        0x0 /usr/lib/gcc/avr/4.7.1/avr5/libgcc.a(_umulhisi3.o)
 .text.libgcc.builtins
                0x0000000000000000        0x0 /usr/lib/gcc/avr/4.7.1/avr5/libgcc.a(_umulhisi3.o)
 .text.libgcc.fmul
                0x0000000000000000        0x0 /usr/lib/gcc/avr/4.7.1/avr5/libgcc.a(_umulhisi3.o)
 .text          0x0000000000000000        0x0 /usr/lib/gcc/avr/4.7.1/avr5/libgcc.a(_muluhisi3.o)
 .data          0x0000000000000000        0x0 /usr/lib/gcc/avr/4.7.1/avr5/libgcc.a(_muluhisi3.o)
 .bss           0x0000000000000000        0x0 /usr/lib/gcc/avr/4.7.1/avr5/libgcc.a(_muluhisi3.o)
 .text.libgcc.div
                0x0000000000000000        0x0 /usr/lib/gcc/avr/4.7.1/avr5/libgcc.a(_muluhisi3.o)
 .text.libgcc   0x0000000000000000        0x0 /usr/lib/gcc/avr/4.7.1/avr5/libgcc.a(_muluhisi3.o)
 .text.libgcc.prologue
                0x0000000000000000        0x0 /usr/lib/gcc/avr/4.7.1/avr5/libgcc.a(_muluhisi3.o)
 .text.libgcc.builtins
                0x0000000000000000        0x0 /usr/lib/gcc/avr/4.7.1/avr5/libgcc.a(_muluhisi3.o)
 .text.libgcc.fmul
                0x0000000000000000        0x0 /usr/lib/gcc/avr/4.7.1/avr5/libgcc.a(_muluhisi3.o)
 .text          0x0000000000000000        0x0 /usr/lib/gcc/avr/4.7.1/avr5/libgcc.a(_udivmodhi4.o)
 .data          0x0000000000000000        0x0 /usr/lib/gcc/avr/4.7.1/avr5/libgcc.a(_udivmodhi4.o)
 .bss           0x0000000000000000        0x0 /usr/lib/gcc/avr/4.7.1/avr5/libgcc.a(_udivmodhi4.o)
 .text.libgcc.mul
                0x0000000000000000        0x0 /usr/lib/gcc/avr/4.7.1/avr5/libgcc.a(_udivmodhi4.o)
 .text.libgcc   0x0000000000000000        0x0 /usr/lib/gcc/avr/4.7.1/avr5/libgcc.a(_udivmodhi4.o)
 .text.libgcc.prologue
                0x0000000000000000        0x0 /usr/lib/gcc/avr/4.7.1/avr5/libgcc.a(_udivmodhi4.o)
 .text.libgcc.builtins
                0x0000000000000000        0x0 /usr/lib/gcc/avr/4.7.1/avr5/libgcc.a(_udivmodhi4.o)
 .text.libgcc.fmul
                0x0000000000000000        0x0 /usr/lib/gcc/avr/4.7.1/avr5/libgcc.a(_udivmodhi4.o)
 .text          0x0000000000000000        0x0 /usr/lib/gcc/avr/4.7.1/avr5/libgcc.a(_prologue.o)
 .data          0x0000000000000000        0x0 /usr/lib/gcc/avr/4.7.1/avr5/libgcc.a(_prologue.o)
 .bss           0x0000000000000000        0x0 /usr/lib/gcc/avr/4.7.1/avr5/libgcc.a(_prologue.o)
 .text.libgcc.mul
                0x0000000000000000        0x0 /usr/lib/gcc/avr/4.7.1/avr5/libgcc.a(_prologue.o)
 .text.libgcc.div
                0x0000000000000000        0x0 /usr/lib/gcc/avr/4.7.1/avr5/libgcc.a(_prologue.o)
 .text.libgcc   0x0000000000000000        0x0 /usr/lib/gcc/avr/4.7.1/avr5/libgcc.a(_prologue.o)
 .text.libgcc.builtins
                0x0000000000000000        0x0 /usr/lib/gcc/avr/4.7.1/avr5/libgcc.a(_prologue.o)
 .text.libgcc.fmul
                0x0000000000000000        0x0 /usr/lib/gcc/avr/4.7.1/avr5/libgcc.a(_prologue.o)
 .text          0x0000000000000000        0x0 /usr/lib/gcc/avr/4.7.1/avr5/libgcc.a(_epilogue.o)
 .data          0x0000000000000000        0x0 /usr/lib/gcc/avr/4.7.1/avr5/libgcc.a(_epilogue.o)
 .bss           0x0000000000000000        0x0 /usr/lib/gcc/avr/4.7.1/avr5/libgcc.a(_epilogue.o)
 .text.libgcc.mul
                0x0000000000000000        0x0 /usr/lib/gcc/avr/4.7.1/avr5/libgcc.a(_epilogue.o)
 .text.libgcc.div
                0x0000000000000000        0x0 /usr/lib/gcc/avr/4.7.1/avr5/libgcc.a(_epilogue.o)
 .text.libgcc   0x0000000000000000        0x0 /usr/lib/gcc/avr/4.7.1/avr5/libgcc.a(_epilogue.o)
 .text.libgcc.builtins
                0x0000000000000000        0x0 /usr/lib/gcc/avr/4.7.1/avr5/libgcc.a(_epilogue.o)
 .text.libgcc.fmul
                0x0000000000000000        0x0 /usr/lib/gcc/avr/4.7.1/avr5/libgcc.a(_epilogue.o)
 .text          0x0000000000000000        0x0 /usr/lib/gcc/avr/4.7.1/avr5/libgcc.a(_exit.o)
 .data          0x0000000000000000        0x0 /usr/lib/gcc/avr/4.7.1/avr5/libgcc.a(_exit.o)
 .bss           0x0000000000000000        0x0 /usr/lib/gcc/avr/4.7.1/avr5/libgcc.a(_exit.o)
 .text.libgcc.mul
                0x0000000000000000        0x0 /usr/lib/gcc/avr/4.7.1/avr5/libgcc.a(_exit.o)
 .text.libgcc.div
                0x0000000000000000        0x0 /usr/lib/gcc/avr/4.7.1/avr5/libgcc.a(_exit.o)
 .text.libgcc   0x0000000000000000        0x0 /usr/lib/gcc/avr/4.7.1/avr5/libgcc.a(_exit.o)
 .text.libgcc.prologue
                0x0000000000000000        0x0 /usr/lib/gcc/avr/4.7.1/avr5/libgcc.a(_exit.o)
 .text.libgcc.builtins
                0x0000000000000000        0x0 /usr/lib/gcc/avr/4.7.1/avr5/libgcc.a(_exit.o)
 .text.libgcc.fmul
                0x0000000000000000        0x0 /usr/lib/gcc/avr/4.7.1/avr5/libgcc.a(_exit.o)
 .text          0x0000000000000000        0x0 /usr/lib/gcc/avr/4.7.1/avr5/libgcc.a(_copy_data.o)
 .data          0x0000000000000000        0x0 /usr/lib/gcc/avr/4.7.1/avr5/libgcc.a(_copy_data.o)
 .bss           0x0000000000000000        0x0 /usr/lib/gcc/avr/4.7.1/avr5/libgcc.a(_copy_data.o)
 .text.libgcc.mul
                0x0000000000000000        0x0 /usr/lib/gcc/avr/4.7.1/avr5/libgcc.a(_copy_data.o)
 .text.libgcc.div
                0x0000000000000000        0x0 /usr/lib/gcc/avr/4.7.1/avr5/libgcc.a(_copy_data.o)
 .text.libgcc   0x0000000000000000        0x0 /usr/lib/gcc/avr/4.7.1/avr5/libgcc.a(_copy_data.o)
 .text.libgcc.prologue
                0x0000000000000000        0x0 /usr/lib/gcc/avr/4.7.1/avr5/libgcc.a(_copy_data.o)
 .text.libgcc.builtins
                0x0000000000000000        0x0 /usr/lib/gcc/avr/4.7.1/avr5/libgcc.a(_copy_data.o)
 .text.libgcc.fmul
                0x0000000000000000        0x0 /usr/lib/gcc/avr/4.7.1/avr5/libgcc.a(_copy_data.o)
 .text          0x0000000000000000        0x0 /usr/lib/gcc/avr/4.7.1/avr5/libgcc.a(_clear_bss.o)
 .data          0x0000000000000000        0x0 /usr/lib/gcc/avr/4.7.1/avr5/libgcc.a(_clear_bss.o)
 .bss           0x0000000000000000        0x0 /usr/lib/gcc/avr/4.7.1/avr5/libgcc.a(_clear_bss.o)
 .text.libgcc.mul
                0x0000000000000000        0x0 /usr/lib/gcc/avr/4.7.1/avr5/libgcc.a(_clear_bss.o)
 .text.libgcc.div
                0x0000000000000000        0x0 /usr/lib/gcc/avr/4.7.1/avr5/libgcc.a(_clear_bss.o)
 .text.libgcc   0x0000000000000000        0x0 /usr/lib/gcc/avr/4.7.1/avr5/libgcc.a(_clear_bss.o)
 .text.libgcc.prologue
                0x0000000000000000        0x0 /usr/lib/gcc/avr/4.7.1/avr5/libgcc.a(_clear_bss.o)
 .text.libgcc.builtins
                0x0000000000000000        0x0 /usr/lib/gcc/avr/4.7.1/avr5/libgcc.a(_clear_bss.o)
 .text.libgcc.fmul
                0x0000000000000000        0x0 /usr/lib/gcc/avr/4.7.1/avr5/libgcc.a(_clear_bss.o)
 .text          0x0000000000000000        0x0 /usr/lib/gcc/avr/4.7.1/../../../../avr/lib/avr5/libc.a(fgetc.o)
 .data          0x0000000000000000        0x0 /usr/lib/gcc/avr/4.7.1/../../../../avr/lib/avr5/libc.a(fgetc.o)
 .bss           0x0000000000000000        0x0 /usr/lib/gcc/avr/4.7.1/../../../../avr/lib/avr5/libc.a(fgetc.o)
 .text          0x0000000000000000        0x0 /usr/lib/gcc/avr/4.7.1/../../../../avr/lib/avr5/libc.a(fputc.o)
 .data          0x0000000000000000        0x0 /usr/lib/gcc/avr/4.7.1/../../../../avr/lib/avr5/libc.a(fputc.o)
 .bss           0x0000000000000000        0x0 /usr/lib/gcc/avr/4.7.1/../../../../avr/lib/avr5/libc.a(fputc.o)
 .text          0x0000000000000000        0x0 /usr/lib/gcc/avr/4.7.1/../../../../avr/lib/avr5/libc.a(iob.o)
 .data          0x0000000000000000        0x0 /usr/lib/gcc/avr/4.7.1/../../../../avr/lib/avr5/libc.a(iob.o)
 .bss           0x0000000000000000        0x0 /usr/lib/gcc/avr/4.7.1/../../../../avr/lib/avr5/libc.a(iob.o)
 .text          0x0000000000000000        0x0 /usr/lib/gcc/avr/4.7.1/../../../../avr/lib/avr5/libc.a(printf.o)
 .data          0x0000000000000000        0x0 /usr/lib/gcc/avr/4.7.1/../../../../avr/lib/avr5/libc.a(printf.o)
 .bss           0x0000000000000000        0x0 /usr/lib/gcc/avr/4.7.1/../../../../avr/lib/avr5/libc.a(printf.o)
 .text          0x0000000000000000        0x0 /usr/lib/gcc/avr/4.7.1/../../../../avr/lib/avr5/libc.a(vfprintf_std.o)
 .data          0x0000000000000000        0x0 /usr/lib/gcc/avr/4.7.1/../../../../avr/lib/avr5/libc.a(vfprintf_std.o)
 .bss           0x0000000000000000        0x0 /usr/lib/gcc/avr/4.7.1/../../../../avr/lib/avr5/libc.a(vfprintf_std.o)
 .text          0x0000000000000000        0x0 /usr/lib/gcc/avr/4.7.1/../../../../avr/lib/avr5/libc.a(strnlen_P.o)
 .data          0x0000000000000000        0x0 /usr/lib/gcc/avr/4.7.1/../../../../avr/lib/avr5/libc.a(strnlen_P.o)
 .bss           0x0000000000000000        0x0 /usr/lib/gcc/avr/4.7.1/../../../../avr/lib/avr5/libc.a(strnlen_P.o)
 .text          0x0000000000000000        0x0 /usr/lib/gcc/avr/4.7.1/../../../../avr/lib/avr5/libc.a(strnlen.o)
 .data          0x0000000000000000        0x0 /usr/lib/gcc/avr/4.7.1/../../../../avr/lib/avr5/libc.a(strnlen.o)
 .bss           0x0000000000000000        0x0 /usr/lib/gcc/avr/4.7.1/../../../../avr/lib/avr5/libc.a(strnlen.o)
 .text          0x0000000000000000        0x0 /usr/lib/gcc/avr/4.7.1/../../../../avr/lib/avr5/libc.a(ultoa_invert.o)
 .data          0x0000000000000000        0x0 /usr/lib/gcc/avr/4.7.1/../../../../avr/lib/avr5/libc.a(ultoa_invert.o)
 .bss           0x0000000000000000        0x0 /usr/lib/gcc/avr/4.7.1/../../../../avr/lib/avr5/libc.a(ultoa_invert.o)

Memory Configuration

Name             Origin             Length             Attributes
text             0x0000000000000000 0x0000000000020000 xr
data             0x0000000000800060 0x000000000000ffa0 rw !x
eeprom           0x0000000000810000 0x0000000000010000 rw !x
fuse             0x0000000000820000 0x0000000000000400 rw !x
lock             0x0000000000830000 0x0000000000000400 rw !x
signature        0x0000000000840000 0x0000000000000400 rw !x
*default*        0x0000000000000000 0xffffffffffffffff

Linker script and memory map

LOAD /usr/lib/gcc/avr/4.7.1/../../../../avr/lib/avr5/crtm32.o
LOAD uart.o
LOAD main.o
LOAD /usr/lib/gcc/avr/4.7.1/avr5/libgcc.a
LOAD /usr/lib/gcc/avr/4.7.1/../../../../avr/lib/avr5/libc.a
LOAD /usr/lib/gcc/avr/4.7.1/avr5/libgcc.a

.hash
 *(.hash)

.dynsym
 *(.dynsym)

.dynstr
 *(.dynstr)

.gnu.version
 *(.gnu.version)

.gnu.version_d
 *(.gnu.version_d)

.gnu.version_r
 *(.gnu.version_r)

.rel.init
 *(.rel.init)

.rela.init
 *(.rela.init)

.rel.text
 *(.rel.text)
 *(.rel.text.*)
 *(.rel.gnu.linkonce.t*)

.rela.text
 *(.rela.text)
 *(.rela.text.*)
 *(.rela.gnu.linkonce.t*)

.rel.fini
 *(.rel.fini)

.rela.fini
 *(.rela.fini)

.rel.rodata
 *(.rel.rodata)
 *(.rel.rodata.*)
 *(.rel.gnu.linkonce.r*)

.rela.rodata
 *(.rela.rodata)
 *(.rela.rodata.*)
 *(.rela.gnu.linkonce.r*)

.rel.data
 *(.rel.data)
 *(.rel.data.*)
 *(.rel.gnu.linkonce.d*)

.rela.data
 *(.rela.data)
 *(.rela.data.*)
 *(.rela.gnu.linkonce.d*)

.rel.ctors
 *(.rel.ctors)

.rela.ctors
 *(.rela.ctors)

.rel.dtors
 *(.rel.dtors)

.rela.dtors
 *(.rela.dtors)

.rel.got
 *(.rel.got)

.rela.got
 *(.rela.got)

.rel.bss
 *(.rel.bss)

.rela.bss
 *(.rela.bss)

.rel.plt
 *(.rel.plt)

.rela.plt
 *(.rela.plt)

.text           0x0000000000000000      0x99e
 *(.vectors)
 .vectors       0x0000000000000000       0x54 /usr/lib/gcc/avr/4.7.1/../../../../avr/lib/avr5/crtm32.o
                0x0000000000000000                __vectors
                0x0000000000000000                __vector_default
 *(.vectors)
 *(.progmem.gcc*)
 *(.progmem*)
                0x0000000000000054                . = ALIGN (0x2)
                0x0000000000000054                __trampolines_start = .
 *(.trampolines)
 .trampolines   0x0000000000000054        0x0 linker stubs
 *(.trampolines*)
                0x0000000000000054                __trampolines_end = .
 *(.jumptables)
 *(.jumptables*)
 *(.lowtext)
 *(.lowtext*)
                0x0000000000000054                __ctors_start = .
 *(.ctors)
                0x0000000000000054                __ctors_end = .
                0x0000000000000054                __dtors_start = .
 *(.dtors)
                0x0000000000000054                __dtors_end = .
 SORT(*)(.ctors)
 SORT(*)(.dtors)
 *(.init0)
 .init0         0x0000000000000054        0x0 /usr/lib/gcc/avr/4.7.1/../../../../avr/lib/avr5/crtm32.o
                0x0000000000000054                __init
 *(.init0)
 *(.init1)
 *(.init1)
 *(.init2)
 .init2         0x0000000000000054        0xc /usr/lib/gcc/avr/4.7.1/../../../../avr/lib/avr5/crtm32.o
 *(.init2)
 *(.init3)
 *(.init3)
 *(.init4)
 .init4         0x0000000000000060       0x16 /usr/lib/gcc/avr/4.7.1/avr5/libgcc.a(_copy_data.o)
                0x0000000000000060                __do_copy_data
 .init4         0x0000000000000076       0x10 /usr/lib/gcc/avr/4.7.1/avr5/libgcc.a(_clear_bss.o)
                0x0000000000000076                __do_clear_bss
 *(.init4)
 *(.init5)
 *(.init5)
 *(.init6)
 *(.init6)
 *(.init7)
 *(.init7)
 *(.init8)
 *(.init8)
 *(.init9)
 .init9         0x0000000000000086        0x4 /usr/lib/gcc/avr/4.7.1/../../../../avr/lib/avr5/crtm32.o
 *(.init9)
 *(.text)
 .text          0x000000000000008a        0x2 /usr/lib/gcc/avr/4.7.1/../../../../avr/lib/avr5/crtm32.o
                0x000000000000008a                __vector_12
                0x000000000000008a                __bad_interrupt
                0x000000000000008a                __vector_6
                0x000000000000008a                __vector_3
                0x000000000000008a                __vector_17
                0x000000000000008a                __vector_19
                0x000000000000008a                __vector_7
                0x000000000000008a                __vector_5
                0x000000000000008a                __vector_4
                0x000000000000008a                __vector_9
                0x000000000000008a                __vector_2
                0x000000000000008a                __vector_15
                0x000000000000008a                __vector_8
                0x000000000000008a                __vector_14
                0x000000000000008a                __vector_10
                0x000000000000008a                __vector_16
                0x000000000000008a                __vector_18
                0x000000000000008a                __vector_20
                0x000000000000008c                . = ALIGN (0x2)
 *(.text.*)
 .text.uart_putchar
                0x000000000000008c       0x12 uart.o
                0x000000000000008c                uart_putchar
 .text.uart_getchar
                0x000000000000009e       0x50 uart.o
                0x000000000000009e                uart_getchar
 .text.__vector_13
                0x00000000000000ee       0x42 uart.o
                0x00000000000000ee                __vector_13
 .text.uart_init
                0x0000000000000130       0x2c uart.o
                0x0000000000000130                uart_init
 .text.uart_haschar
                0x000000000000015c       0x12 uart.o
                0x000000000000015c                uart_haschar
 .text.__vector_1
                0x000000000000016e       0x92 main.o
                0x000000000000016e                __vector_1
 .text.__vector_11
                0x0000000000000200       0x22 main.o
                0x0000000000000200                __vector_11
 .text.startup.main
                0x0000000000000222      0x132 main.o
                0x0000000000000222                main
 .text.libgcc.mul
                0x0000000000000354       0x18 /usr/lib/gcc/avr/4.7.1/avr5/libgcc.a(_umulhisi3.o)
                0x0000000000000354                __umulhisi3
 .text.libgcc.mul
                0x000000000000036c       0x14 /usr/lib/gcc/avr/4.7.1/avr5/libgcc.a(_muluhisi3.o)
                0x000000000000036c                __muluhisi3
 .text.libgcc.div
                0x0000000000000380       0x28 /usr/lib/gcc/avr/4.7.1/avr5/libgcc.a(_udivmodhi4.o)
                0x0000000000000380                __udivmodhi4
 .text.libgcc.prologue
                0x00000000000003a8       0x38 /usr/lib/gcc/avr/4.7.1/avr5/libgcc.a(_prologue.o)
                0x00000000000003a8                __prologue_saves__
 .text.libgcc.prologue
                0x00000000000003e0       0x36 /usr/lib/gcc/avr/4.7.1/avr5/libgcc.a(_epilogue.o)
                0x00000000000003e0                __epilogue_restores__
 .text.avr-libc
                0x0000000000000416       0x80 /usr/lib/gcc/avr/4.7.1/../../../../avr/lib/avr5/libc.a(fgetc.o)
                0x0000000000000416                fgetc
 .text.avr-libc
                0x0000000000000496       0x58 /usr/lib/gcc/avr/4.7.1/../../../../avr/lib/avr5/libc.a(fputc.o)
                0x0000000000000496                fputc
 .text.avr-libc
                0x00000000000004ee       0x28 /usr/lib/gcc/avr/4.7.1/../../../../avr/lib/avr5/libc.a(printf.o)
                0x00000000000004ee                printf
 .text.avr-libc
                0x0000000000000516      0x39c /usr/lib/gcc/avr/4.7.1/../../../../avr/lib/avr5/libc.a(vfprintf_std.o)
                0x0000000000000516                vfprintf
 .text.avr-libc
                0x00000000000008b2       0x16 /usr/lib/gcc/avr/4.7.1/../../../../avr/lib/avr5/libc.a(strnlen_P.o)
                0x00000000000008b2                strnlen_P
 .text.avr-libc
                0x00000000000008c8       0x16 /usr/lib/gcc/avr/4.7.1/../../../../avr/lib/avr5/libc.a(strnlen.o)
                0x00000000000008c8                strnlen
 .text.avr-libc
                0x00000000000008de       0xbc /usr/lib/gcc/avr/4.7.1/../../../../avr/lib/avr5/libc.a(ultoa_invert.o)
                0x00000000000008de                __ultoa_invert
                0x000000000000099a                . = ALIGN (0x2)
 *(.fini9)
 .fini9         0x000000000000099a        0x0 /usr/lib/gcc/avr/4.7.1/avr5/libgcc.a(_exit.o)
                0x000000000000099a                exit
                0x000000000000099a                _exit
 *(.fini9)
 *(.fini8)
 *(.fini8)
 *(.fini7)
 *(.fini7)
 *(.fini6)
 *(.fini6)
 *(.fini5)
 *(.fini5)
 *(.fini4)
 *(.fini4)
 *(.fini3)
 *(.fini3)
 *(.fini2)
 *(.fini2)
 *(.fini1)
 *(.fini1)
 *(.fini0)
 .fini0         0x000000000000099a        0x4 /usr/lib/gcc/avr/4.7.1/avr5/libgcc.a(_exit.o)
 *(.fini0)
                0x000000000000099e                _etext = .

.data           0x0000000000800060       0x26 load address 0x000000000000099e
                0x0000000000800060                PROVIDE (__data_start, .)
 *(.data)
 *(.data*)
 .data.mystdout
                0x0000000000800060        0xe uart.o
 *(.rodata)
 *(.rodata*)
 .rodata.str1.1
                0x000000000080006e       0x18 main.o
 *(.gnu.linkonce.d*)
                0x0000000000800086                . = ALIGN (0x2)
                0x0000000000800086                _edata = .
                0x0000000000800086                PROVIDE (__data_end, .)

.bss            0x0000000000800086       0x1d
                0x0000000000800086                PROVIDE (__bss_start, .)
 *(.bss)
 *(.bss*)
 .bss.pulse_start.1496
                0x0000000000800086        0x2 main.o
 *(COMMON)
 COMMON         0x0000000000800088       0x12 uart.o
                0x0000000000800088                ring_in
                0x0000000000800089                ring_out
                0x000000000080008a                uart_ring
 COMMON         0x000000000080009a        0x3 main.o
                0x000000000080009a                highbyte
                0x000000000080009b                pulse_len
 COMMON         0x000000000080009d        0x6 /usr/lib/gcc/avr/4.7.1/../../../../avr/lib/avr5/libc.a(iob.o)
                0x000000000080009d                __iob
                0x00000000008000a3                PROVIDE (__bss_end, .)
                0x000000000000099e                __data_load_start = LOADADDR (.data)
                0x00000000000009c4                __data_load_end = (__data_load_start + SIZEOF (.data))

.noinit         0x00000000008000a3        0x0
                0x00000000008000a3                PROVIDE (__noinit_start, .)
 *(.noinit*)
                0x00000000008000a3                PROVIDE (__noinit_end, .)
                0x00000000008000a3                _end = .
                0x00000000008000a3                PROVIDE (__heap_start, .)

.eeprom         0x0000000000810000        0x0
 *(.eeprom*)
                0x0000000000810000                __eeprom_end = .

.fuse
 *(.fuse)
 *(.lfuse)
 *(.hfuse)
 *(.efuse)

.lock
 *(.lock*)

.signature
 *(.signature*)

.stab           0x0000000000000000     0x3408
 *(.stab)
 .stab          0x0000000000000000      0x6cc /usr/lib/gcc/avr/4.7.1/../../../../avr/lib/avr5/crtm32.o
 .stab          0x00000000000006cc      0x66c uart.o
                                        0x7c8 (size before relaxing)
 .stab          0x0000000000000d38      0x594 main.o
                                        0x798 (size before relaxing)
 .stab          0x00000000000012cc       0xe4 /usr/lib/gcc/avr/4.7.1/avr5/libgcc.a(_umulhisi3.o)
                                         0xf0 (size before relaxing)
 .stab          0x00000000000013b0       0xcc /usr/lib/gcc/avr/4.7.1/avr5/libgcc.a(_muluhisi3.o)
                                         0xd8 (size before relaxing)
 .stab          0x000000000000147c      0x15c /usr/lib/gcc/avr/4.7.1/avr5/libgcc.a(_udivmodhi4.o)
                                        0x168 (size before relaxing)
 .stab          0x00000000000015d8      0x1a4 /usr/lib/gcc/avr/4.7.1/avr5/libgcc.a(_prologue.o)
                                        0x1b0 (size before relaxing)
 .stab          0x000000000000177c      0x1a4 /usr/lib/gcc/avr/4.7.1/avr5/libgcc.a(_epilogue.o)
                                        0x1b0 (size before relaxing)
 .stab          0x0000000000001920       0x6c /usr/lib/gcc/avr/4.7.1/avr5/libgcc.a(_exit.o)
                                         0x78 (size before relaxing)
 .stab          0x000000000000198c       0xd8 /usr/lib/gcc/avr/4.7.1/avr5/libgcc.a(_copy_data.o)
                                         0xe4 (size before relaxing)
 .stab          0x0000000000001a64       0xb4 /usr/lib/gcc/avr/4.7.1/avr5/libgcc.a(_clear_bss.o)
                                         0xc0 (size before relaxing)
 .stab          0x0000000000001b18      0x438 /usr/lib/gcc/avr/4.7.1/../../../../avr/lib/avr5/libc.a(fgetc.o)
                                        0x444 (size before relaxing)
 .stab          0x0000000000001f50      0x1d4 /usr/lib/gcc/avr/4.7.1/../../../../avr/lib/avr5/libc.a(fputc.o)
                                        0x3b4 (size before relaxing)
 .stab          0x0000000000002124      0x12c /usr/lib/gcc/avr/4.7.1/../../../../avr/lib/avr5/libc.a(iob.o)
                                        0x30c (size before relaxing)
 .stab          0x0000000000002250      0x1bc /usr/lib/gcc/avr/4.7.1/../../../../avr/lib/avr5/libc.a(printf.o)
                                        0x39c (size before relaxing)
 .stab          0x000000000000240c      0xa44 /usr/lib/gcc/avr/4.7.1/../../../../avr/lib/avr5/libc.a(vfprintf_std.o)
                                        0xc24 (size before relaxing)
 .stab          0x0000000000002e50       0x9c /usr/lib/gcc/avr/4.7.1/../../../../avr/lib/avr5/libc.a(strnlen_P.o)
                                         0xa8 (size before relaxing)
 .stab          0x0000000000002eec       0x9c /usr/lib/gcc/avr/4.7.1/../../../../avr/lib/avr5/libc.a(strnlen.o)
                                         0xa8 (size before relaxing)
 .stab          0x0000000000002f88      0x480 /usr/lib/gcc/avr/4.7.1/../../../../avr/lib/avr5/libc.a(ultoa_invert.o)
                                        0x48c (size before relaxing)

.stabstr        0x0000000000000000     0x15a0
 *(.stabstr)
 .stabstr       0x0000000000000000     0x15a0 /usr/lib/gcc/avr/4.7.1/../../../../avr/lib/avr5/crtm32.o

.stab.excl
 *(.stab.excl)

.stab.exclstr
 *(.stab.exclstr)

.stab.index
 *(.stab.index)

.stab.indexstr
 *(.stab.indexstr)

.comment        0x0000000000000000       0x22
 *(.comment)
 .comment       0x0000000000000000       0x11 uart.o
                                         0x12 (size before relaxing)
 .comment       0x0000000000000000       0x12 main.o
 .comment       0x0000000000000011       0x11 /usr/lib/gcc/avr/4.7.1/../../../../avr/lib/avr5/libc.a(fgetc.o)
                                         0x12 (size before relaxing)
 .comment       0x0000000000000000       0x12 /usr/lib/gcc/avr/4.7.1/../../../../avr/lib/avr5/libc.a(fputc.o)
 .comment       0x0000000000000000       0x12 /usr/lib/gcc/avr/4.7.1/../../../../avr/lib/avr5/libc.a(iob.o)
 .comment       0x0000000000000000       0x12 /usr/lib/gcc/avr/4.7.1/../../../../avr/lib/avr5/libc.a(printf.o)
 .comment       0x0000000000000000       0x12 /usr/lib/gcc/avr/4.7.1/../../../../avr/lib/avr5/libc.a(vfprintf_std.o)

.debug
 *(.debug)

.line
 *(.line)

.debug_srcinfo
 *(.debug_srcinfo)

.debug_sfnames
 *(.debug_sfnames)

.debug_aranges
 *(.debug_aranges)

.debug_pubnames
 *(.debug_pubnames)

.debug_info
 *(.debug_info)
 *(.gnu.linkonce.wi.*)

.debug_abbrev
 *(.debug_abbrev)

.debug_line
 *(.debug_line)

.debug_frame
 *(.debug_frame)

.debug_str
 *(.debug_str)

.debug_loc
 *(.debug_loc)

.debug_macinfo
 *(.debug_macinfo)
OUTPUT(main.elf elf32-avr)
LOAD linker stubs

Cross Reference Table

Symbol                                            File
__bad_interrupt                                   /usr/lib/gcc/avr/4.7.1/../../../../avr/lib/avr5/crtm32.o
__bss_end                                         /usr/lib/gcc/avr/4.7.1/avr5/libgcc.a(_clear_bss.o)
__bss_start                                       /usr/lib/gcc/avr/4.7.1/avr5/libgcc.a(_clear_bss.o)
__data_end                                        /usr/lib/gcc/avr/4.7.1/avr5/libgcc.a(_copy_data.o)
__data_load_start                                 /usr/lib/gcc/avr/4.7.1/avr5/libgcc.a(_copy_data.o)
__data_start                                      /usr/lib/gcc/avr/4.7.1/avr5/libgcc.a(_copy_data.o)
__do_clear_bss                                    /usr/lib/gcc/avr/4.7.1/avr5/libgcc.a(_clear_bss.o)
                                                  /usr/lib/gcc/avr/4.7.1/../../../../avr/lib/avr5/libc.a(iob.o)
                                                  main.o
                                                  uart.o
__do_copy_data                                    /usr/lib/gcc/avr/4.7.1/avr5/libgcc.a(_copy_data.o)
                                                  main.o
                                                  uart.o
__epilogue_restores__                             /usr/lib/gcc/avr/4.7.1/avr5/libgcc.a(_epilogue.o)
                                                  /usr/lib/gcc/avr/4.7.1/../../../../avr/lib/avr5/libc.a(vfprintf_std.o)
                                                  /usr/lib/gcc/avr/4.7.1/../../../../avr/lib/avr5/libc.a(printf.o)
                                                  uart.o
__heap_end                                        /usr/lib/gcc/avr/4.7.1/../../../../avr/lib/avr5/crtm32.o
__init                                            /usr/lib/gcc/avr/4.7.1/../../../../avr/lib/avr5/crtm32.o
__iob                                             /usr/lib/gcc/avr/4.7.1/../../../../avr/lib/avr5/libc.a(printf.o)
                                                  /usr/lib/gcc/avr/4.7.1/../../../../avr/lib/avr5/libc.a(iob.o)
                                                  main.o
                                                  uart.o
__muluhisi3                                       /usr/lib/gcc/avr/4.7.1/avr5/libgcc.a(_muluhisi3.o)
                                                  main.o
__prologue_saves__                                /usr/lib/gcc/avr/4.7.1/avr5/libgcc.a(_prologue.o)
                                                  /usr/lib/gcc/avr/4.7.1/../../../../avr/lib/avr5/libc.a(vfprintf_std.o)
                                                  /usr/lib/gcc/avr/4.7.1/../../../../avr/lib/avr5/libc.a(printf.o)
                                                  uart.o
__stack                                           /usr/lib/gcc/avr/4.7.1/../../../../avr/lib/avr5/crtm32.o
__udivmodhi4                                      /usr/lib/gcc/avr/4.7.1/avr5/libgcc.a(_udivmodhi4.o)
                                                  main.o
                                                  uart.o
__ultoa_invert                                    /usr/lib/gcc/avr/4.7.1/../../../../avr/lib/avr5/libc.a(ultoa_invert.o)
                                                  /usr/lib/gcc/avr/4.7.1/../../../../avr/lib/avr5/libc.a(vfprintf_std.o)
__umulhisi3                                       /usr/lib/gcc/avr/4.7.1/avr5/libgcc.a(_umulhisi3.o)
                                                  /usr/lib/gcc/avr/4.7.1/avr5/libgcc.a(_muluhisi3.o)
                                                  main.o
__vector_1                                        main.o
                                                  /usr/lib/gcc/avr/4.7.1/../../../../avr/lib/avr5/crtm32.o
__vector_10                                       /usr/lib/gcc/avr/4.7.1/../../../../avr/lib/avr5/crtm32.o
__vector_11                                       main.o
                                                  /usr/lib/gcc/avr/4.7.1/../../../../avr/lib/avr5/crtm32.o
__vector_12                                       /usr/lib/gcc/avr/4.7.1/../../../../avr/lib/avr5/crtm32.o
__vector_13                                       uart.o
                                                  /usr/lib/gcc/avr/4.7.1/../../../../avr/lib/avr5/crtm32.o
__vector_14                                       /usr/lib/gcc/avr/4.7.1/../../../../avr/lib/avr5/crtm32.o
__vector_15                                       /usr/lib/gcc/avr/4.7.1/../../../../avr/lib/avr5/crtm32.o
__vector_16                                       /usr/lib/gcc/avr/4.7.1/../../../../avr/lib/avr5/crtm32.o
__vector_17                                       /usr/lib/gcc/avr/4.7.1/../../../../avr/lib/avr5/crtm32.o
__vector_18                                       /usr/lib/gcc/avr/4.7.1/../../../../avr/lib/avr5/crtm32.o
__vector_19                                       /usr/lib/gcc/avr/4.7.1/../../../../avr/lib/avr5/crtm32.o
__vector_2                                        /usr/lib/gcc/avr/4.7.1/../../../../avr/lib/avr5/crtm32.o
__vector_20                                       /usr/lib/gcc/avr/4.7.1/../../../../avr/lib/avr5/crtm32.o
__vector_3                                        /usr/lib/gcc/avr/4.7.1/../../../../avr/lib/avr5/crtm32.o
__vector_4                                        /usr/lib/gcc/avr/4.7.1/../../../../avr/lib/avr5/crtm32.o
__vector_5                                        /usr/lib/gcc/avr/4.7.1/../../../../avr/lib/avr5/crtm32.o
__vector_6                                        /usr/lib/gcc/avr/4.7.1/../../../../avr/lib/avr5/crtm32.o
__vector_7                                        /usr/lib/gcc/avr/4.7.1/../../../../avr/lib/avr5/crtm32.o
__vector_8                                        /usr/lib/gcc/avr/4.7.1/../../../../avr/lib/avr5/crtm32.o
__vector_9                                        /usr/lib/gcc/avr/4.7.1/../../../../avr/lib/avr5/crtm32.o
__vector_default                                  /usr/lib/gcc/avr/4.7.1/../../../../avr/lib/avr5/crtm32.o
__vectors                                         /usr/lib/gcc/avr/4.7.1/../../../../avr/lib/avr5/crtm32.o
_exit                                             /usr/lib/gcc/avr/4.7.1/avr5/libgcc.a(_exit.o)
bytes_in_ring                                     uart.o
exit                                              /usr/lib/gcc/avr/4.7.1/avr5/libgcc.a(_exit.o)
                                                  /usr/lib/gcc/avr/4.7.1/../../../../avr/lib/avr5/crtm32.o
fgetc                                             /usr/lib/gcc/avr/4.7.1/../../../../avr/lib/avr5/libc.a(fgetc.o)
                                                  main.o
fputc                                             /usr/lib/gcc/avr/4.7.1/../../../../avr/lib/avr5/libc.a(fputc.o)
                                                  /usr/lib/gcc/avr/4.7.1/../../../../avr/lib/avr5/libc.a(vfprintf_std.o)
                                                  uart.o
highbyte                                          main.o
main                                              main.o
                                                  /usr/lib/gcc/avr/4.7.1/../../../../avr/lib/avr5/crtm32.o
print                                             uart.o
printf                                            /usr/lib/gcc/avr/4.7.1/../../../../avr/lib/avr5/libc.a(printf.o)
                                                  main.o
pulse_len                                         main.o
ring_in                                           uart.o
ring_out                                          uart.o
strnlen                                           /usr/lib/gcc/avr/4.7.1/../../../../avr/lib/avr5/libc.a(strnlen.o)
                                                  /usr/lib/gcc/avr/4.7.1/../../../../avr/lib/avr5/libc.a(vfprintf_std.o)
strnlen_P                                         /usr/lib/gcc/avr/4.7.1/../../../../avr/lib/avr5/libc.a(strnlen_P.o)
                                                  /usr/lib/gcc/avr/4.7.1/../../../../avr/lib/avr5/libc.a(vfprintf_std.o)
uart_getchar                                      uart.o
uart_haschar                                      uart.o
                                                  main.o
uart_init                                         uart.o
                                                  main.o
uart_putchar                                      uart.o
uart_ring                                         uart.o
vfprintf                                          /usr/lib/gcc/avr/4.7.1/../../../../avr/lib/avr5/libc.a(vfprintf_std.o)
                                                  /usr/lib/gcc/avr/4.7.1/../../../../avr/lib/avr5/libc.a(printf.o)
