Archive member included because of file (symbol)

/usr/lib/gcc/avr/4.7.2/avr5/libgcc.a(_udivmodhi4.o)
                              uart.o (__udivmodhi4)
/usr/lib/gcc/avr/4.7.2/avr5/libgcc.a(_prologue.o)
                              uart.o (__prologue_saves__)
/usr/lib/gcc/avr/4.7.2/avr5/libgcc.a(_epilogue.o)
                              uart.o (__epilogue_restores__)
/usr/lib/gcc/avr/4.7.2/avr5/libgcc.a(_exit.o)
                              /usr/lib/gcc/avr/4.7.2/../../../../avr/lib/avr5/crtm328p.o (exit)
/usr/lib/gcc/avr/4.7.2/avr5/libgcc.a(_copy_data.o)
                              uart.o (__do_copy_data)
/usr/lib/gcc/avr/4.7.2/avr5/libgcc.a(_clear_bss.o)
                              uart.o (__do_clear_bss)
/usr/lib/gcc/avr/4.7.2/../../../../avr/lib/avr5/libc.a(strcmp.o)
                              main.o (strcmp)
/usr/lib/gcc/avr/4.7.2/../../../../avr/lib/avr5/libc.a(strlen.o)
                              main.o (strlen)
/usr/lib/gcc/avr/4.7.2/../../../../avr/lib/avr5/libc.a(fgets.o)
                              main.o (fgets)
/usr/lib/gcc/avr/4.7.2/../../../../avr/lib/avr5/libc.a(fputc.o)
                              uart.o (fputc)
/usr/lib/gcc/avr/4.7.2/../../../../avr/lib/avr5/libc.a(iob.o)
                              uart.o (__iob)
/usr/lib/gcc/avr/4.7.2/../../../../avr/lib/avr5/libc.a(printf.o)
                              main.o (printf)
/usr/lib/gcc/avr/4.7.2/../../../../avr/lib/avr5/libc.a(vfprintf_std.o)
                              /usr/lib/gcc/avr/4.7.2/../../../../avr/lib/avr5/libc.a(printf.o) (vfprintf)
/usr/lib/gcc/avr/4.7.2/../../../../avr/lib/avr5/libc.a(strnlen_P.o)
                              /usr/lib/gcc/avr/4.7.2/../../../../avr/lib/avr5/libc.a(vfprintf_std.o) (strnlen_P)
/usr/lib/gcc/avr/4.7.2/../../../../avr/lib/avr5/libc.a(strnlen.o)
                              /usr/lib/gcc/avr/4.7.2/../../../../avr/lib/avr5/libc.a(vfprintf_std.o) (strnlen)
/usr/lib/gcc/avr/4.7.2/../../../../avr/lib/avr5/libc.a(fgetc.o)
                              /usr/lib/gcc/avr/4.7.2/../../../../avr/lib/avr5/libc.a(fgets.o) (fgetc)
/usr/lib/gcc/avr/4.7.2/../../../../avr/lib/avr5/libc.a(ultoa_invert.o)
                              /usr/lib/gcc/avr/4.7.2/../../../../avr/lib/avr5/libc.a(vfprintf_std.o) (__ultoa_invert)

Allocating common symbols
Common symbol       size              file

ring_in             0x1               uart.o
ring_out            0x1               uart.o
uart_ring           0x20              uart.o
__iob               0x6               /usr/lib/gcc/avr/4.7.2/../../../../avr/lib/avr5/libc.a(iob.o)

Discarded input sections

 .bss           0x0000000000000000        0x0 /usr/lib/gcc/avr/4.7.2/../../../../avr/lib/avr5/crtm328p.o
 .text          0x0000000000000000        0x0 uart.o
 .bss           0x0000000000000000        0x0 uart.o
 .text.bytes_in_ring
                0x0000000000000000       0x36 uart.o
 .text.uart_haschar
                0x0000000000000000       0x12 uart.o
 .text.print    0x0000000000000000       0x72 uart.o
 .text          0x0000000000000000        0x0 main.o
 .bss           0x0000000000000000        0x0 main.o
 .text          0x0000000000000000        0x0 led.o
 .bss           0x0000000000000000        0x0 led.o
 .text          0x0000000000000000        0x0 /usr/lib/gcc/avr/4.7.2/avr5/libgcc.a(_udivmodhi4.o)
 .bss           0x0000000000000000        0x0 /usr/lib/gcc/avr/4.7.2/avr5/libgcc.a(_udivmodhi4.o)
 .text.libgcc.mul
                0x0000000000000000        0x0 /usr/lib/gcc/avr/4.7.2/avr5/libgcc.a(_udivmodhi4.o)
 .text.libgcc.div
                0x0000000000000000       0x28 /usr/lib/gcc/avr/4.7.2/avr5/libgcc.a(_udivmodhi4.o)
 .text.libgcc   0x0000000000000000        0x0 /usr/lib/gcc/avr/4.7.2/avr5/libgcc.a(_udivmodhi4.o)
 .text.libgcc.prologue
                0x0000000000000000        0x0 /usr/lib/gcc/avr/4.7.2/avr5/libgcc.a(_udivmodhi4.o)
 .text.libgcc.builtins
                0x0000000000000000        0x0 /usr/lib/gcc/avr/4.7.2/avr5/libgcc.a(_udivmodhi4.o)
 .text.libgcc.fmul
                0x0000000000000000        0x0 /usr/lib/gcc/avr/4.7.2/avr5/libgcc.a(_udivmodhi4.o)
 .text          0x0000000000000000        0x0 /usr/lib/gcc/avr/4.7.2/avr5/libgcc.a(_prologue.o)
 .bss           0x0000000000000000        0x0 /usr/lib/gcc/avr/4.7.2/avr5/libgcc.a(_prologue.o)
 .text.libgcc.mul
                0x0000000000000000        0x0 /usr/lib/gcc/avr/4.7.2/avr5/libgcc.a(_prologue.o)
 .text.libgcc.div
                0x0000000000000000        0x0 /usr/lib/gcc/avr/4.7.2/avr5/libgcc.a(_prologue.o)
 .text.libgcc   0x0000000000000000        0x0 /usr/lib/gcc/avr/4.7.2/avr5/libgcc.a(_prologue.o)
 .text.libgcc.builtins
                0x0000000000000000        0x0 /usr/lib/gcc/avr/4.7.2/avr5/libgcc.a(_prologue.o)
 .text.libgcc.fmul
                0x0000000000000000        0x0 /usr/lib/gcc/avr/4.7.2/avr5/libgcc.a(_prologue.o)
 .text          0x0000000000000000        0x0 /usr/lib/gcc/avr/4.7.2/avr5/libgcc.a(_epilogue.o)
 .bss           0x0000000000000000        0x0 /usr/lib/gcc/avr/4.7.2/avr5/libgcc.a(_epilogue.o)
 .text.libgcc.mul
                0x0000000000000000        0x0 /usr/lib/gcc/avr/4.7.2/avr5/libgcc.a(_epilogue.o)
 .text.libgcc.div
                0x0000000000000000        0x0 /usr/lib/gcc/avr/4.7.2/avr5/libgcc.a(_epilogue.o)
 .text.libgcc   0x0000000000000000        0x0 /usr/lib/gcc/avr/4.7.2/avr5/libgcc.a(_epilogue.o)
 .text.libgcc.builtins
                0x0000000000000000        0x0 /usr/lib/gcc/avr/4.7.2/avr5/libgcc.a(_epilogue.o)
 .text.libgcc.fmul
                0x0000000000000000        0x0 /usr/lib/gcc/avr/4.7.2/avr5/libgcc.a(_epilogue.o)
 .text          0x0000000000000000        0x0 /usr/lib/gcc/avr/4.7.2/avr5/libgcc.a(_exit.o)
 .bss           0x0000000000000000        0x0 /usr/lib/gcc/avr/4.7.2/avr5/libgcc.a(_exit.o)
 .text.libgcc.mul
                0x0000000000000000        0x0 /usr/lib/gcc/avr/4.7.2/avr5/libgcc.a(_exit.o)
 .text.libgcc.div
                0x0000000000000000        0x0 /usr/lib/gcc/avr/4.7.2/avr5/libgcc.a(_exit.o)
 .text.libgcc   0x0000000000000000        0x0 /usr/lib/gcc/avr/4.7.2/avr5/libgcc.a(_exit.o)
 .text.libgcc.prologue
                0x0000000000000000        0x0 /usr/lib/gcc/avr/4.7.2/avr5/libgcc.a(_exit.o)
 .text.libgcc.builtins
                0x0000000000000000        0x0 /usr/lib/gcc/avr/4.7.2/avr5/libgcc.a(_exit.o)
 .text.libgcc.fmul
                0x0000000000000000        0x0 /usr/lib/gcc/avr/4.7.2/avr5/libgcc.a(_exit.o)
 .text          0x0000000000000000        0x0 /usr/lib/gcc/avr/4.7.2/avr5/libgcc.a(_copy_data.o)
 .bss           0x0000000000000000        0x0 /usr/lib/gcc/avr/4.7.2/avr5/libgcc.a(_copy_data.o)
 .text.libgcc.mul
                0x0000000000000000        0x0 /usr/lib/gcc/avr/4.7.2/avr5/libgcc.a(_copy_data.o)
 .text.libgcc.div
                0x0000000000000000        0x0 /usr/lib/gcc/avr/4.7.2/avr5/libgcc.a(_copy_data.o)
 .text.libgcc   0x0000000000000000        0x0 /usr/lib/gcc/avr/4.7.2/avr5/libgcc.a(_copy_data.o)
 .text.libgcc.prologue
                0x0000000000000000        0x0 /usr/lib/gcc/avr/4.7.2/avr5/libgcc.a(_copy_data.o)
 .text.libgcc.builtins
                0x0000000000000000        0x0 /usr/lib/gcc/avr/4.7.2/avr5/libgcc.a(_copy_data.o)
 .text.libgcc.fmul
                0x0000000000000000        0x0 /usr/lib/gcc/avr/4.7.2/avr5/libgcc.a(_copy_data.o)
 .text          0x0000000000000000        0x0 /usr/lib/gcc/avr/4.7.2/avr5/libgcc.a(_clear_bss.o)
 .bss           0x0000000000000000        0x0 /usr/lib/gcc/avr/4.7.2/avr5/libgcc.a(_clear_bss.o)
 .text.libgcc.mul
                0x0000000000000000        0x0 /usr/lib/gcc/avr/4.7.2/avr5/libgcc.a(_clear_bss.o)
 .text.libgcc.div
                0x0000000000000000        0x0 /usr/lib/gcc/avr/4.7.2/avr5/libgcc.a(_clear_bss.o)
 .text.libgcc   0x0000000000000000        0x0 /usr/lib/gcc/avr/4.7.2/avr5/libgcc.a(_clear_bss.o)
 .text.libgcc.prologue
                0x0000000000000000        0x0 /usr/lib/gcc/avr/4.7.2/avr5/libgcc.a(_clear_bss.o)
 .text.libgcc.builtins
                0x0000000000000000        0x0 /usr/lib/gcc/avr/4.7.2/avr5/libgcc.a(_clear_bss.o)
 .text.libgcc.fmul
                0x0000000000000000        0x0 /usr/lib/gcc/avr/4.7.2/avr5/libgcc.a(_clear_bss.o)
 .text          0x0000000000000000        0x0 /usr/lib/gcc/avr/4.7.2/../../../../avr/lib/avr5/libc.a(strcmp.o)
 .bss           0x0000000000000000        0x0 /usr/lib/gcc/avr/4.7.2/../../../../avr/lib/avr5/libc.a(strcmp.o)
 .text          0x0000000000000000        0x0 /usr/lib/gcc/avr/4.7.2/../../../../avr/lib/avr5/libc.a(strlen.o)
 .bss           0x0000000000000000        0x0 /usr/lib/gcc/avr/4.7.2/../../../../avr/lib/avr5/libc.a(strlen.o)
 .text          0x0000000000000000        0x0 /usr/lib/gcc/avr/4.7.2/../../../../avr/lib/avr5/libc.a(fgets.o)
 .bss           0x0000000000000000        0x0 /usr/lib/gcc/avr/4.7.2/../../../../avr/lib/avr5/libc.a(fgets.o)
 .text          0x0000000000000000        0x0 /usr/lib/gcc/avr/4.7.2/../../../../avr/lib/avr5/libc.a(fputc.o)
 .bss           0x0000000000000000        0x0 /usr/lib/gcc/avr/4.7.2/../../../../avr/lib/avr5/libc.a(fputc.o)
 .text          0x0000000000000000        0x0 /usr/lib/gcc/avr/4.7.2/../../../../avr/lib/avr5/libc.a(iob.o)
 .bss           0x0000000000000000        0x0 /usr/lib/gcc/avr/4.7.2/../../../../avr/lib/avr5/libc.a(iob.o)
 .text          0x0000000000000000        0x0 /usr/lib/gcc/avr/4.7.2/../../../../avr/lib/avr5/libc.a(printf.o)
 .bss           0x0000000000000000        0x0 /usr/lib/gcc/avr/4.7.2/../../../../avr/lib/avr5/libc.a(printf.o)
 .text          0x0000000000000000        0x0 /usr/lib/gcc/avr/4.7.2/../../../../avr/lib/avr5/libc.a(vfprintf_std.o)
 .bss           0x0000000000000000        0x0 /usr/lib/gcc/avr/4.7.2/../../../../avr/lib/avr5/libc.a(vfprintf_std.o)
 .text          0x0000000000000000        0x0 /usr/lib/gcc/avr/4.7.2/../../../../avr/lib/avr5/libc.a(strnlen_P.o)
 .bss           0x0000000000000000        0x0 /usr/lib/gcc/avr/4.7.2/../../../../avr/lib/avr5/libc.a(strnlen_P.o)
 .text          0x0000000000000000        0x0 /usr/lib/gcc/avr/4.7.2/../../../../avr/lib/avr5/libc.a(strnlen.o)
 .bss           0x0000000000000000        0x0 /usr/lib/gcc/avr/4.7.2/../../../../avr/lib/avr5/libc.a(strnlen.o)
 .text          0x0000000000000000        0x0 /usr/lib/gcc/avr/4.7.2/../../../../avr/lib/avr5/libc.a(fgetc.o)
 .bss           0x0000000000000000        0x0 /usr/lib/gcc/avr/4.7.2/../../../../avr/lib/avr5/libc.a(fgetc.o)
 .text          0x0000000000000000        0x0 /usr/lib/gcc/avr/4.7.2/../../../../avr/lib/avr5/libc.a(ultoa_invert.o)
 .bss           0x0000000000000000        0x0 /usr/lib/gcc/avr/4.7.2/../../../../avr/lib/avr5/libc.a(ultoa_invert.o)

Memory Configuration

Name             Origin             Length             Attributes
text             0x0000000000000000 0x0000000000020000 xr
data             0x0000000000800060 0x000000000000ffa0 rw !x
eeprom           0x0000000000810000 0x0000000000010000 rw !x
fuse             0x0000000000820000 0x0000000000000400 rw !x
lock             0x0000000000830000 0x0000000000000400 rw !x
signature        0x0000000000840000 0x0000000000000400 rw !x
*default*        0x0000000000000000 0xffffffffffffffff

Linker script and memory map

Address of section .data set to 0x800100
LOAD /usr/lib/gcc/avr/4.7.2/../../../../avr/lib/avr5/crtm328p.o
LOAD uart.o
LOAD main.o
LOAD led.o
LOAD /usr/lib/gcc/avr/4.7.2/avr5/libgcc.a
LOAD /usr/lib/gcc/avr/4.7.2/../../../../avr/lib/avr5/libc.a
LOAD /usr/lib/gcc/avr/4.7.2/avr5/libgcc.a

.hash
 *(.hash)

.dynsym
 *(.dynsym)

.dynstr
 *(.dynstr)

.gnu.version
 *(.gnu.version)

.gnu.version_d
 *(.gnu.version_d)

.gnu.version_r
 *(.gnu.version_r)

.rel.init
 *(.rel.init)

.rela.init
 *(.rela.init)

.rel.text
 *(.rel.text)
 *(.rel.text.*)
 *(.rel.gnu.linkonce.t*)

.rela.text
 *(.rela.text)
 *(.rela.text.*)
 *(.rela.gnu.linkonce.t*)

.rel.fini
 *(.rel.fini)

.rela.fini
 *(.rela.fini)

.rel.rodata
 *(.rel.rodata)
 *(.rel.rodata.*)
 *(.rel.gnu.linkonce.r*)

.rela.rodata
 *(.rela.rodata)
 *(.rela.rodata.*)
 *(.rela.gnu.linkonce.r*)

.rel.data
 *(.rel.data)
 *(.rel.data.*)
 *(.rel.gnu.linkonce.d*)

.rela.data
 *(.rela.data)
 *(.rela.data.*)
 *(.rela.gnu.linkonce.d*)

.rel.ctors
 *(.rel.ctors)

.rela.ctors
 *(.rela.ctors)

.rel.dtors
 *(.rel.dtors)

.rela.dtors
 *(.rela.dtors)

.rel.got
 *(.rel.got)

.rela.got
 *(.rela.got)

.rel.bss
 *(.rel.bss)

.rela.bss
 *(.rela.bss)

.rel.plt
 *(.rel.plt)

.rela.plt
 *(.rela.plt)

.text           0x0000000000000000      0x946
 *(.vectors)
 .vectors       0x0000000000000000       0x68 /usr/lib/gcc/avr/4.7.2/../../../../avr/lib/avr5/crtm328p.o
                0x0000000000000000                __vectors
                0x0000000000000000                __vector_default
 *(.vectors)
 *(.progmem.gcc*)
 *(.progmem*)
                0x0000000000000068                . = ALIGN (0x2)
                0x0000000000000068                __trampolines_start = .
 *(.trampolines)
 .trampolines   0x0000000000000068        0x0 linker stubs
 *(.trampolines*)
                0x0000000000000068                __trampolines_end = .
 *(.jumptables)
 *(.jumptables*)
 *(.lowtext)
 *(.lowtext*)
                0x0000000000000068                __ctors_start = .
 *(.ctors)
                0x0000000000000068                __ctors_end = .
                0x0000000000000068                __dtors_start = .
 *(.dtors)
                0x0000000000000068                __dtors_end = .
 SORT(*)(.ctors)
 SORT(*)(.dtors)
 *(.init0)
 .init0         0x0000000000000068        0x0 /usr/lib/gcc/avr/4.7.2/../../../../avr/lib/avr5/crtm328p.o
                0x0000000000000068                __init
 *(.init0)
 *(.init1)
 *(.init1)
 *(.init2)
 .init2         0x0000000000000068        0xc /usr/lib/gcc/avr/4.7.2/../../../../avr/lib/avr5/crtm328p.o
 *(.init2)
 *(.init3)
 *(.init3)
 *(.init4)
 .init4         0x0000000000000074       0x16 /usr/lib/gcc/avr/4.7.2/avr5/libgcc.a(_copy_data.o)
                0x0000000000000074                __do_copy_data
 .init4         0x000000000000008a       0x10 /usr/lib/gcc/avr/4.7.2/avr5/libgcc.a(_clear_bss.o)
                0x000000000000008a                __do_clear_bss
 *(.init4)
 *(.init5)
 *(.init5)
 *(.init6)
 *(.init6)
 *(.init7)
 *(.init7)
 *(.init8)
 *(.init8)
 *(.init9)
 .init9         0x000000000000009a        0x4 /usr/lib/gcc/avr/4.7.2/../../../../avr/lib/avr5/crtm328p.o
 *(.init9)
 *(.text)
 .text          0x000000000000009e        0x2 /usr/lib/gcc/avr/4.7.2/../../../../avr/lib/avr5/crtm328p.o
                0x000000000000009e                __vector_22
                0x000000000000009e                __vector_1
                0x000000000000009e                __vector_24
                0x000000000000009e                __vector_12
                0x000000000000009e                __bad_interrupt
                0x000000000000009e                __vector_6
                0x000000000000009e                __vector_3
                0x000000000000009e                __vector_23
                0x000000000000009e                __vector_25
                0x000000000000009e                __vector_11
                0x000000000000009e                __vector_13
                0x000000000000009e                __vector_17
                0x000000000000009e                __vector_19
                0x000000000000009e                __vector_7
                0x000000000000009e                __vector_5
                0x000000000000009e                __vector_4
                0x000000000000009e                __vector_9
                0x000000000000009e                __vector_2
                0x000000000000009e                __vector_21
                0x000000000000009e                __vector_15
                0x000000000000009e                __vector_8
                0x000000000000009e                __vector_14
                0x000000000000009e                __vector_10
                0x000000000000009e                __vector_16
                0x000000000000009e                __vector_20
                0x00000000000000a0                . = ALIGN (0x2)
 *(.text.*)
 .text.uart_putchar
                0x00000000000000a0       0x18 uart.o
                0x00000000000000a0                uart_putchar
 .text.uart_getchar
                0x00000000000000b8       0x4c uart.o
                0x00000000000000b8                uart_getchar
 .text.__vector_18
                0x0000000000000104       0x44 uart.o
                0x0000000000000104                __vector_18
 .text.uart_init
                0x0000000000000148       0x2e uart.o
                0x0000000000000148                uart_init
 .text.startup.main
                0x0000000000000176      0x122 main.o
                0x0000000000000176                main
 .text.led_off  0x0000000000000298        0x4 led.o
                0x0000000000000298                led_off
 .text.led_init
                0x000000000000029c        0x4 led.o
                0x000000000000029c                led_init
 .text.led_on   0x00000000000002a0        0x4 led.o
                0x00000000000002a0                led_on
 .text.led_toggle
                0x00000000000002a4       0x24 led.o
                0x00000000000002a4                led_toggle
 .text.led_status
                0x00000000000002c8        0xa led.o
                0x00000000000002c8                led_status
 .text.libgcc.prologue
                0x00000000000002d2       0x38 /usr/lib/gcc/avr/4.7.2/avr5/libgcc.a(_prologue.o)
                0x00000000000002d2                __prologue_saves__
 .text.libgcc.prologue
                0x000000000000030a       0x36 /usr/lib/gcc/avr/4.7.2/avr5/libgcc.a(_epilogue.o)
                0x000000000000030a                __epilogue_restores__
 .text.avr-libc
                0x0000000000000340       0x12 /usr/lib/gcc/avr/4.7.2/../../../../avr/lib/avr5/libc.a(strcmp.o)
                0x0000000000000340                strcmp
 .text.avr-libc
                0x0000000000000352       0x12 /usr/lib/gcc/avr/4.7.2/../../../../avr/lib/avr5/libc.a(strlen.o)
                0x0000000000000352                strlen
 .text.avr-libc
                0x0000000000000364       0x5a /usr/lib/gcc/avr/4.7.2/../../../../avr/lib/avr5/libc.a(fgets.o)
                0x0000000000000364                fgets
 .text.avr-libc
                0x00000000000003be       0x58 /usr/lib/gcc/avr/4.7.2/../../../../avr/lib/avr5/libc.a(fputc.o)
                0x00000000000003be                fputc
 .text.avr-libc
                0x0000000000000416       0x28 /usr/lib/gcc/avr/4.7.2/../../../../avr/lib/avr5/libc.a(printf.o)
                0x0000000000000416                printf
 .text.avr-libc
                0x000000000000043e      0x39c /usr/lib/gcc/avr/4.7.2/../../../../avr/lib/avr5/libc.a(vfprintf_std.o)
                0x000000000000043e                vfprintf
 .text.avr-libc
                0x00000000000007da       0x16 /usr/lib/gcc/avr/4.7.2/../../../../avr/lib/avr5/libc.a(strnlen_P.o)
                0x00000000000007da                strnlen_P
 .text.avr-libc
                0x00000000000007f0       0x16 /usr/lib/gcc/avr/4.7.2/../../../../avr/lib/avr5/libc.a(strnlen.o)
                0x00000000000007f0                strnlen
 .text.avr-libc
                0x0000000000000806       0x80 /usr/lib/gcc/avr/4.7.2/../../../../avr/lib/avr5/libc.a(fgetc.o)
                0x0000000000000806                fgetc
 .text.avr-libc
                0x0000000000000886       0xbc /usr/lib/gcc/avr/4.7.2/../../../../avr/lib/avr5/libc.a(ultoa_invert.o)
                0x0000000000000886                __ultoa_invert
                0x0000000000000942                . = ALIGN (0x2)
 *(.fini9)
 .fini9         0x0000000000000942        0x0 /usr/lib/gcc/avr/4.7.2/avr5/libgcc.a(_exit.o)
                0x0000000000000942                exit
                0x0000000000000942                _exit
 *(.fini9)
 *(.fini8)
 *(.fini8)
 *(.fini7)
 *(.fini7)
 *(.fini6)
 *(.fini6)
 *(.fini5)
 *(.fini5)
 *(.fini4)
 *(.fini4)
 *(.fini3)
 *(.fini3)
 *(.fini2)
 *(.fini2)
 *(.fini1)
 *(.fini1)
 *(.fini0)
 .fini0         0x0000000000000942        0x4 /usr/lib/gcc/avr/4.7.2/avr5/libgcc.a(_exit.o)
 *(.fini0)
                0x0000000000000946                _etext = .

.data           0x0000000000800100       0x76 load address 0x0000000000000946
                0x0000000000800100                PROVIDE (__data_start, .)
 *(.data)
 .data          0x0000000000800100        0x0 /usr/lib/gcc/avr/4.7.2/../../../../avr/lib/avr5/crtm328p.o
 .data          0x0000000000800100        0x0 uart.o
 .data          0x0000000000800100        0x0 main.o
 .data          0x0000000000800100        0x0 led.o
 .data          0x0000000000800100        0x0 /usr/lib/gcc/avr/4.7.2/avr5/libgcc.a(_udivmodhi4.o)
 .data          0x0000000000800100        0x0 /usr/lib/gcc/avr/4.7.2/avr5/libgcc.a(_prologue.o)
 .data          0x0000000000800100        0x0 /usr/lib/gcc/avr/4.7.2/avr5/libgcc.a(_epilogue.o)
 .data          0x0000000000800100        0x0 /usr/lib/gcc/avr/4.7.2/avr5/libgcc.a(_exit.o)
 .data          0x0000000000800100        0x0 /usr/lib/gcc/avr/4.7.2/avr5/libgcc.a(_copy_data.o)
 .data          0x0000000000800100        0x0 /usr/lib/gcc/avr/4.7.2/avr5/libgcc.a(_clear_bss.o)
 .data          0x0000000000800100        0x0 /usr/lib/gcc/avr/4.7.2/../../../../avr/lib/avr5/libc.a(strcmp.o)
 .data          0x0000000000800100        0x0 /usr/lib/gcc/avr/4.7.2/../../../../avr/lib/avr5/libc.a(strlen.o)
 .data          0x0000000000800100        0x0 /usr/lib/gcc/avr/4.7.2/../../../../avr/lib/avr5/libc.a(fgets.o)
 .data          0x0000000000800100        0x0 /usr/lib/gcc/avr/4.7.2/../../../../avr/lib/avr5/libc.a(fputc.o)
 .data          0x0000000000800100        0x0 /usr/lib/gcc/avr/4.7.2/../../../../avr/lib/avr5/libc.a(iob.o)
 .data          0x0000000000800100        0x0 /usr/lib/gcc/avr/4.7.2/../../../../avr/lib/avr5/libc.a(printf.o)
 .data          0x0000000000800100        0x0 /usr/lib/gcc/avr/4.7.2/../../../../avr/lib/avr5/libc.a(vfprintf_std.o)
 .data          0x0000000000800100        0x0 /usr/lib/gcc/avr/4.7.2/../../../../avr/lib/avr5/libc.a(strnlen_P.o)
 .data          0x0000000000800100        0x0 /usr/lib/gcc/avr/4.7.2/../../../../avr/lib/avr5/libc.a(strnlen.o)
 .data          0x0000000000800100        0x0 /usr/lib/gcc/avr/4.7.2/../../../../avr/lib/avr5/libc.a(fgetc.o)
 .data          0x0000000000800100        0x0 /usr/lib/gcc/avr/4.7.2/../../../../avr/lib/avr5/libc.a(ultoa_invert.o)
 *(.data*)
 .data.mystdout
                0x0000000000800100        0xe uart.o
 *(.rodata)
 *(.rodata*)
 .rodata.str1.1
                0x000000000080010e       0x67 main.o
                                         0x6e (size before relaxing)
 *(.gnu.linkonce.d*)
                0x0000000000800176                . = ALIGN (0x2)
 *fill*         0x0000000000800175        0x1 
                0x0000000000800176                _edata = .
                0x0000000000800176                PROVIDE (__data_end, .)

.bss            0x0000000000800176       0x28
                0x0000000000800176                PROVIDE (__bss_start, .)
 *(.bss)
 *(.bss*)
 *(COMMON)
 COMMON         0x0000000000800176       0x22 uart.o
                0x0000000000800176                ring_in
                0x0000000000800177                ring_out
                0x0000000000800178                uart_ring
 COMMON         0x0000000000800198        0x6 /usr/lib/gcc/avr/4.7.2/../../../../avr/lib/avr5/libc.a(iob.o)
                0x0000000000800198                __iob
                0x000000000080019e                PROVIDE (__bss_end, .)
                0x0000000000000946                __data_load_start = LOADADDR (.data)
                0x00000000000009bc                __data_load_end = (__data_load_start + SIZEOF (.data))

.noinit         0x000000000080019e        0x0
                0x000000000080019e                PROVIDE (__noinit_start, .)
 *(.noinit*)
                0x000000000080019e                PROVIDE (__noinit_end, .)
                0x000000000080019e                _end = .
                0x000000000080019e                PROVIDE (__heap_start, .)

.eeprom         0x0000000000810000        0x0
 *(.eeprom*)
                0x0000000000810000                __eeprom_end = .

.fuse
 *(.fuse)
 *(.lfuse)
 *(.hfuse)
 *(.efuse)

.lock
 *(.lock*)

.signature
 *(.signature*)

.stab           0x0000000000000000     0x36b4
 *(.stab)
 .stab          0x0000000000000000      0x6cc /usr/lib/gcc/avr/4.7.2/../../../../avr/lib/avr5/crtm328p.o
 .stab          0x00000000000006cc      0x618 uart.o
                                        0x7bc (size before relaxing)
 .stab          0x0000000000000ce4      0x564 main.o
                                        0x570 (size before relaxing)
 .stab          0x0000000000001248      0x2f4 led.o
                                        0x4bc (size before relaxing)
 .stab          0x000000000000153c       0x30 /usr/lib/gcc/avr/4.7.2/avr5/libgcc.a(_udivmodhi4.o)
                                        0x168 (size before relaxing)
 .stab          0x000000000000156c      0x1a4 /usr/lib/gcc/avr/4.7.2/avr5/libgcc.a(_prologue.o)
                                        0x1b0 (size before relaxing)
 .stab          0x0000000000001710      0x1a4 /usr/lib/gcc/avr/4.7.2/avr5/libgcc.a(_epilogue.o)
                                        0x1b0 (size before relaxing)
 .stab          0x00000000000018b4       0x6c /usr/lib/gcc/avr/4.7.2/avr5/libgcc.a(_exit.o)
                                         0x78 (size before relaxing)
 .stab          0x0000000000001920       0xd8 /usr/lib/gcc/avr/4.7.2/avr5/libgcc.a(_copy_data.o)
                                         0xe4 (size before relaxing)
 .stab          0x00000000000019f8       0xb4 /usr/lib/gcc/avr/4.7.2/avr5/libgcc.a(_clear_bss.o)
                                         0xc0 (size before relaxing)
 .stab          0x0000000000001aac       0x84 /usr/lib/gcc/avr/4.7.2/../../../../avr/lib/avr5/libc.a(strcmp.o)
                                         0x90 (size before relaxing)
 .stab          0x0000000000001b30       0x84 /usr/lib/gcc/avr/4.7.2/../../../../avr/lib/avr5/libc.a(strlen.o)
                                         0x90 (size before relaxing)
 .stab          0x0000000000001bb4      0x3e4 /usr/lib/gcc/avr/4.7.2/../../../../avr/lib/avr5/libc.a(fgets.o)
                                        0x3f0 (size before relaxing)
 .stab          0x0000000000001f98      0x1d4 /usr/lib/gcc/avr/4.7.2/../../../../avr/lib/avr5/libc.a(fputc.o)
                                        0x3b4 (size before relaxing)
 .stab          0x000000000000216c      0x12c /usr/lib/gcc/avr/4.7.2/../../../../avr/lib/avr5/libc.a(iob.o)
                                        0x30c (size before relaxing)
 .stab          0x0000000000002298      0x1bc /usr/lib/gcc/avr/4.7.2/../../../../avr/lib/avr5/libc.a(printf.o)
                                        0x39c (size before relaxing)
 .stab          0x0000000000002454      0xa44 /usr/lib/gcc/avr/4.7.2/../../../../avr/lib/avr5/libc.a(vfprintf_std.o)
                                        0xc24 (size before relaxing)
 .stab          0x0000000000002e98       0x9c /usr/lib/gcc/avr/4.7.2/../../../../avr/lib/avr5/libc.a(strnlen_P.o)
                                         0xa8 (size before relaxing)
 .stab          0x0000000000002f34       0x9c /usr/lib/gcc/avr/4.7.2/../../../../avr/lib/avr5/libc.a(strnlen.o)
                                         0xa8 (size before relaxing)
 .stab          0x0000000000002fd0      0x264 /usr/lib/gcc/avr/4.7.2/../../../../avr/lib/avr5/libc.a(fgetc.o)
                                        0x444 (size before relaxing)
 .stab          0x0000000000003234      0x480 /usr/lib/gcc/avr/4.7.2/../../../../avr/lib/avr5/libc.a(ultoa_invert.o)
                                        0x48c (size before relaxing)

.stabstr        0x0000000000000000     0x17c3
 *(.stabstr)
 .stabstr       0x0000000000000000     0x17c3 /usr/lib/gcc/avr/4.7.2/../../../../avr/lib/avr5/crtm328p.o

.stab.excl
 *(.stab.excl)

.stab.exclstr
 *(.stab.exclstr)

.stab.index
 *(.stab.index)

.stab.indexstr
 *(.stab.indexstr)

.comment        0x0000000000000000       0x33
 *(.comment)
 .comment       0x0000000000000000       0x11 uart.o
                                         0x12 (size before relaxing)
 .comment       0x0000000000000011       0x11 main.o
                                         0x12 (size before relaxing)
 .comment       0x0000000000000000       0x12 led.o
 .comment       0x0000000000000022       0x11 /usr/lib/gcc/avr/4.7.2/../../../../avr/lib/avr5/libc.a(fgets.o)
                                         0x12 (size before relaxing)
 .comment       0x0000000000000000       0x12 /usr/lib/gcc/avr/4.7.2/../../../../avr/lib/avr5/libc.a(fputc.o)
 .comment       0x0000000000000000       0x12 /usr/lib/gcc/avr/4.7.2/../../../../avr/lib/avr5/libc.a(iob.o)
 .comment       0x0000000000000000       0x12 /usr/lib/gcc/avr/4.7.2/../../../../avr/lib/avr5/libc.a(printf.o)
 .comment       0x0000000000000000       0x12 /usr/lib/gcc/avr/4.7.2/../../../../avr/lib/avr5/libc.a(vfprintf_std.o)
 .comment       0x0000000000000000       0x12 /usr/lib/gcc/avr/4.7.2/../../../../avr/lib/avr5/libc.a(fgetc.o)

.debug
 *(.debug)

.line
 *(.line)

.debug_srcinfo
 *(.debug_srcinfo)

.debug_sfnames
 *(.debug_sfnames)

.debug_aranges
 *(.debug_aranges)

.debug_pubnames
 *(.debug_pubnames)

.debug_info
 *(.debug_info)
 *(.gnu.linkonce.wi.*)

.debug_abbrev
 *(.debug_abbrev)

.debug_line
 *(.debug_line)

.debug_frame
 *(.debug_frame)

.debug_str
 *(.debug_str)

.debug_loc
 *(.debug_loc)

.debug_macinfo
 *(.debug_macinfo)

.debug_pubtypes
 *(.debug_pubtypes)

.debug_ranges
 *(.debug_ranges)

.debug_macro
 *(.debug_macro)
OUTPUT(main.elf elf32-avr)
LOAD linker stubs

Cross Reference Table

Symbol                                            File
__bad_interrupt                                   /usr/lib/gcc/avr/4.7.2/../../../../avr/lib/avr5/crtm328p.o
__bss_end                                         /usr/lib/gcc/avr/4.7.2/avr5/libgcc.a(_clear_bss.o)
__bss_start                                       /usr/lib/gcc/avr/4.7.2/avr5/libgcc.a(_clear_bss.o)
__data_end                                        /usr/lib/gcc/avr/4.7.2/avr5/libgcc.a(_copy_data.o)
__data_load_start                                 /usr/lib/gcc/avr/4.7.2/avr5/libgcc.a(_copy_data.o)
__data_start                                      /usr/lib/gcc/avr/4.7.2/avr5/libgcc.a(_copy_data.o)
__do_clear_bss                                    /usr/lib/gcc/avr/4.7.2/avr5/libgcc.a(_clear_bss.o)
                                                  /usr/lib/gcc/avr/4.7.2/../../../../avr/lib/avr5/libc.a(iob.o)
                                                  uart.o
__do_copy_data                                    /usr/lib/gcc/avr/4.7.2/avr5/libgcc.a(_copy_data.o)
                                                  main.o
                                                  uart.o
__epilogue_restores__                             /usr/lib/gcc/avr/4.7.2/avr5/libgcc.a(_epilogue.o)
                                                  /usr/lib/gcc/avr/4.7.2/../../../../avr/lib/avr5/libc.a(vfprintf_std.o)
                                                  /usr/lib/gcc/avr/4.7.2/../../../../avr/lib/avr5/libc.a(printf.o)
                                                  /usr/lib/gcc/avr/4.7.2/../../../../avr/lib/avr5/libc.a(fgets.o)
                                                  uart.o
__heap_end                                        /usr/lib/gcc/avr/4.7.2/../../../../avr/lib/avr5/crtm328p.o
__init                                            /usr/lib/gcc/avr/4.7.2/../../../../avr/lib/avr5/crtm328p.o
__iob                                             /usr/lib/gcc/avr/4.7.2/../../../../avr/lib/avr5/libc.a(printf.o)
                                                  /usr/lib/gcc/avr/4.7.2/../../../../avr/lib/avr5/libc.a(iob.o)
                                                  main.o
                                                  uart.o
__prologue_saves__                                /usr/lib/gcc/avr/4.7.2/avr5/libgcc.a(_prologue.o)
                                                  /usr/lib/gcc/avr/4.7.2/../../../../avr/lib/avr5/libc.a(vfprintf_std.o)
                                                  /usr/lib/gcc/avr/4.7.2/../../../../avr/lib/avr5/libc.a(printf.o)
                                                  /usr/lib/gcc/avr/4.7.2/../../../../avr/lib/avr5/libc.a(fgets.o)
                                                  uart.o
__stack                                           /usr/lib/gcc/avr/4.7.2/../../../../avr/lib/avr5/crtm328p.o
__udivmodhi4                                      /usr/lib/gcc/avr/4.7.2/avr5/libgcc.a(_udivmodhi4.o)
                                                  uart.o
__ultoa_invert                                    /usr/lib/gcc/avr/4.7.2/../../../../avr/lib/avr5/libc.a(ultoa_invert.o)
                                                  /usr/lib/gcc/avr/4.7.2/../../../../avr/lib/avr5/libc.a(vfprintf_std.o)
__vector_1                                        /usr/lib/gcc/avr/4.7.2/../../../../avr/lib/avr5/crtm328p.o
__vector_10                                       /usr/lib/gcc/avr/4.7.2/../../../../avr/lib/avr5/crtm328p.o
__vector_11                                       /usr/lib/gcc/avr/4.7.2/../../../../avr/lib/avr5/crtm328p.o
__vector_12                                       /usr/lib/gcc/avr/4.7.2/../../../../avr/lib/avr5/crtm328p.o
__vector_13                                       /usr/lib/gcc/avr/4.7.2/../../../../avr/lib/avr5/crtm328p.o
__vector_14                                       /usr/lib/gcc/avr/4.7.2/../../../../avr/lib/avr5/crtm328p.o
__vector_15                                       /usr/lib/gcc/avr/4.7.2/../../../../avr/lib/avr5/crtm328p.o
__vector_16                                       /usr/lib/gcc/avr/4.7.2/../../../../avr/lib/avr5/crtm328p.o
__vector_17                                       /usr/lib/gcc/avr/4.7.2/../../../../avr/lib/avr5/crtm328p.o
__vector_18                                       uart.o
                                                  /usr/lib/gcc/avr/4.7.2/../../../../avr/lib/avr5/crtm328p.o
__vector_19                                       /usr/lib/gcc/avr/4.7.2/../../../../avr/lib/avr5/crtm328p.o
__vector_2                                        /usr/lib/gcc/avr/4.7.2/../../../../avr/lib/avr5/crtm328p.o
__vector_20                                       /usr/lib/gcc/avr/4.7.2/../../../../avr/lib/avr5/crtm328p.o
__vector_21                                       /usr/lib/gcc/avr/4.7.2/../../../../avr/lib/avr5/crtm328p.o
__vector_22                                       /usr/lib/gcc/avr/4.7.2/../../../../avr/lib/avr5/crtm328p.o
__vector_23                                       /usr/lib/gcc/avr/4.7.2/../../../../avr/lib/avr5/crtm328p.o
__vector_24                                       /usr/lib/gcc/avr/4.7.2/../../../../avr/lib/avr5/crtm328p.o
__vector_25                                       /usr/lib/gcc/avr/4.7.2/../../../../avr/lib/avr5/crtm328p.o
__vector_3                                        /usr/lib/gcc/avr/4.7.2/../../../../avr/lib/avr5/crtm328p.o
__vector_4                                        /usr/lib/gcc/avr/4.7.2/../../../../avr/lib/avr5/crtm328p.o
__vector_5                                        /usr/lib/gcc/avr/4.7.2/../../../../avr/lib/avr5/crtm328p.o
__vector_6                                        /usr/lib/gcc/avr/4.7.2/../../../../avr/lib/avr5/crtm328p.o
__vector_7                                        /usr/lib/gcc/avr/4.7.2/../../../../avr/lib/avr5/crtm328p.o
__vector_8                                        /usr/lib/gcc/avr/4.7.2/../../../../avr/lib/avr5/crtm328p.o
__vector_9                                        /usr/lib/gcc/avr/4.7.2/../../../../avr/lib/avr5/crtm328p.o
__vector_default                                  /usr/lib/gcc/avr/4.7.2/../../../../avr/lib/avr5/crtm328p.o
__vectors                                         /usr/lib/gcc/avr/4.7.2/../../../../avr/lib/avr5/crtm328p.o
_exit                                             /usr/lib/gcc/avr/4.7.2/avr5/libgcc.a(_exit.o)
bytes_in_ring                                     uart.o
exit                                              /usr/lib/gcc/avr/4.7.2/avr5/libgcc.a(_exit.o)
                                                  /usr/lib/gcc/avr/4.7.2/../../../../avr/lib/avr5/crtm328p.o
fgetc                                             /usr/lib/gcc/avr/4.7.2/../../../../avr/lib/avr5/libc.a(fgetc.o)
                                                  /usr/lib/gcc/avr/4.7.2/../../../../avr/lib/avr5/libc.a(fgets.o)
fgets                                             /usr/lib/gcc/avr/4.7.2/../../../../avr/lib/avr5/libc.a(fgets.o)
                                                  main.o
fputc                                             /usr/lib/gcc/avr/4.7.2/../../../../avr/lib/avr5/libc.a(fputc.o)
                                                  /usr/lib/gcc/avr/4.7.2/../../../../avr/lib/avr5/libc.a(vfprintf_std.o)
                                                  uart.o
led_init                                          led.o
                                                  main.o
led_off                                           led.o
                                                  main.o
led_on                                            led.o
                                                  main.o
led_status                                        led.o
                                                  main.o
led_toggle                                        led.o
                                                  main.o
main                                              main.o
                                                  /usr/lib/gcc/avr/4.7.2/../../../../avr/lib/avr5/crtm328p.o
print                                             uart.o
printf                                            /usr/lib/gcc/avr/4.7.2/../../../../avr/lib/avr5/libc.a(printf.o)
                                                  main.o
ring_in                                           uart.o
ring_out                                          uart.o
strcmp                                            /usr/lib/gcc/avr/4.7.2/../../../../avr/lib/avr5/libc.a(strcmp.o)
                                                  main.o
strlen                                            /usr/lib/gcc/avr/4.7.2/../../../../avr/lib/avr5/libc.a(strlen.o)
                                                  main.o
strnlen                                           /usr/lib/gcc/avr/4.7.2/../../../../avr/lib/avr5/libc.a(strnlen.o)
                                                  /usr/lib/gcc/avr/4.7.2/../../../../avr/lib/avr5/libc.a(vfprintf_std.o)
strnlen_P                                         /usr/lib/gcc/avr/4.7.2/../../../../avr/lib/avr5/libc.a(strnlen_P.o)
                                                  /usr/lib/gcc/avr/4.7.2/../../../../avr/lib/avr5/libc.a(vfprintf_std.o)
uart_getchar                                      uart.o
uart_haschar                                      uart.o
uart_init                                         uart.o
                                                  main.o
uart_putchar                                      uart.o
uart_ring                                         uart.o
vfprintf                                          /usr/lib/gcc/avr/4.7.2/../../../../avr/lib/avr5/libc.a(vfprintf_std.o)
                                                  /usr/lib/gcc/avr/4.7.2/../../../../avr/lib/avr5/libc.a(printf.o)
